Archive member included to satisfy reference by file (symbol)

c:/program files (x86)/atmel/studio/7.0/toolchain/arm/arm-gnu-toolchain/bin/../lib/gcc/arm-none-eabi/6.2.1/thumb/v6-m\libgcc.a(_udivsi3.o)
                              src/control_loop.o (__aeabi_uidiv)
c:/program files (x86)/atmel/studio/7.0/toolchain/arm/arm-gnu-toolchain/bin/../lib/gcc/arm-none-eabi/6.2.1/thumb/v6-m\libgcc.a(_divsi3.o)
                              src/control_loop.o (__aeabi_idiv)
c:/program files (x86)/atmel/studio/7.0/toolchain/arm/arm-gnu-toolchain/bin/../lib/gcc/arm-none-eabi/6.2.1/thumb/v6-m\libgcc.a(_dvmd_tls.o)
                              c:/program files (x86)/atmel/studio/7.0/toolchain/arm/arm-gnu-toolchain/bin/../lib/gcc/arm-none-eabi/6.2.1/thumb/v6-m\libgcc.a(_udivsi3.o) (__aeabi_idiv0)
c:/program files (x86)/atmel/studio/7.0/toolchain/arm/arm-gnu-toolchain/bin/../lib/gcc/arm-none-eabi/6.2.1/thumb/v6-m\libgcc.a(_muldi3.o)
                              src/ASF/sam0/drivers/sercom/sercom.o (__aeabi_lmul)
c:/program files (x86)/atmel/studio/7.0/toolchain/arm/arm-gnu-toolchain/bin/../lib/gcc/arm-none-eabi/6.2.1/../../../../arm-none-eabi/lib/thumb/v6-m\libc_nano.a(lib_a-exit.o)
                              c:/program files (x86)/atmel/studio/7.0/toolchain/arm/arm-gnu-toolchain/bin/../lib/gcc/arm-none-eabi/6.2.1/../../../../arm-none-eabi/lib/thumb/v6-m/crt0.o (exit)
c:/program files (x86)/atmel/studio/7.0/toolchain/arm/arm-gnu-toolchain/bin/../lib/gcc/arm-none-eabi/6.2.1/../../../../arm-none-eabi/lib/thumb/v6-m\libc_nano.a(lib_a-impure.o)
                              c:/program files (x86)/atmel/studio/7.0/toolchain/arm/arm-gnu-toolchain/bin/../lib/gcc/arm-none-eabi/6.2.1/../../../../arm-none-eabi/lib/thumb/v6-m\libc_nano.a(lib_a-exit.o) (_global_impure_ptr)
c:/program files (x86)/atmel/studio/7.0/toolchain/arm/arm-gnu-toolchain/bin/../lib/gcc/arm-none-eabi/6.2.1/../../../../arm-none-eabi/lib/thumb/v6-m\libc_nano.a(lib_a-init.o)
                              c:/program files (x86)/atmel/studio/7.0/toolchain/arm/arm-gnu-toolchain/bin/../lib/gcc/arm-none-eabi/6.2.1/../../../../arm-none-eabi/lib/thumb/v6-m/crt0.o (__libc_init_array)
c:/program files (x86)/atmel/studio/7.0/toolchain/arm/arm-gnu-toolchain/bin/../lib/gcc/arm-none-eabi/6.2.1/../../../../arm-none-eabi/lib/thumb/v6-m\libc_nano.a(lib_a-memcpy-stub.o)
                              src/ASF/sam0/drivers/adc/adc_sam_d_r_h/adc.o (memcpy)
c:/program files (x86)/atmel/studio/7.0/toolchain/arm/arm-gnu-toolchain/bin/../lib/gcc/arm-none-eabi/6.2.1/../../../../arm-none-eabi/lib/thumb/v6-m\libc_nano.a(lib_a-memset.o)
                              c:/program files (x86)/atmel/studio/7.0/toolchain/arm/arm-gnu-toolchain/bin/../lib/gcc/arm-none-eabi/6.2.1/../../../../arm-none-eabi/lib/thumb/v6-m/crt0.o (memset)

Allocating common symbols
Common symbol       size              file

spi_slave_instance  0x3c              src/spi_slave.o
_tcc_instances      0x4               src/ASF/sam0/drivers/tcc/tcc_callback.o
example_descriptor  0x10              src/add_LED.o
tc_instance2        0x1c              src/ultraSound.o
descriptor_section  0x50              src/ASF/sam0/drivers/dma/dma.o
DMASourceRegister   0x9c              src/main.o
example_resource    0x1c              src/add_LED.o
received_value      0x14              src/main.o
sensor_outputs      0x14              src/main.o
dummy_write         0x2               src/ASF/sam0/drivers/sercom/spi/spi_interrupt.o
_tc_instances       0x8               src/ASF/sam0/drivers/tc/tc_interrupt.o
_sercom_instances   0xc               src/ASF/sam0/drivers/sercom/sercom_interrupt.o
_extint_dev         0x40              src/ASF/sam0/drivers/extint/extint_sam_d_r_h/extint.o
speed_storage       0x3e8             src/control_loop.o
temp_receive        0x14              src/main.o
_current_channel    0x1               src/ASF/sam0/drivers/extint/extint_callback.o
tc_encoder_capture  0x1c              src/control_loop.o
transmit_value      0x14              src/main.o
_adc_instances      0x4               src/ASF/sam0/drivers/adc/adc_sam_d_r_h/adc_callback.o
spi_master_instance
                    0x3c              src/add_LED.o
ring_buffer         0xc8              src/spi_slave.o

Discarded input sections

 .text          0x00000000        0x0 c:/program files (x86)/atmel/studio/7.0/toolchain/arm/arm-gnu-toolchain/bin/../lib/gcc/arm-none-eabi/6.2.1/thumb/v6-m/crti.o
 .data          0x00000000        0x0 c:/program files (x86)/atmel/studio/7.0/toolchain/arm/arm-gnu-toolchain/bin/../lib/gcc/arm-none-eabi/6.2.1/thumb/v6-m/crti.o
 .bss           0x00000000        0x0 c:/program files (x86)/atmel/studio/7.0/toolchain/arm/arm-gnu-toolchain/bin/../lib/gcc/arm-none-eabi/6.2.1/thumb/v6-m/crti.o
 .data          0x00000000        0x4 c:/program files (x86)/atmel/studio/7.0/toolchain/arm/arm-gnu-toolchain/bin/../lib/gcc/arm-none-eabi/6.2.1/thumb/v6-m/crtbegin.o
[...]
Memory Configuration

Name             Origin             Length             Attributes
rom              0x00000000         0x00004000         xr
ram              0x20000000         0x00001000         xrw
*default*        0x00000000         0xffffffff

Linker script and memory map

LOAD c:/program files (x86)/atmel/studio/7.0/toolchain/arm/arm-gnu-toolchain/bin/../lib/gcc/arm-none-eabi/6.2.1/thumb/v6-m/crti.o
LOAD c:/program files (x86)/atmel/studio/7.0/toolchain/arm/arm-gnu-toolchain/bin/../lib/gcc/arm-none-eabi/6.2.1/thumb/v6-m/crtbegin.o
LOAD c:/program files (x86)/atmel/studio/7.0/toolchain/arm/arm-gnu-toolchain/bin/../lib/gcc/arm-none-eabi/6.2.1/../../../../arm-none-eabi/lib/thumb/v6-m/crt0.o
LOAD src/add_LED.o
LOAD src/add_LED_control.o
LOAD src/ASF/sam0/drivers/adc/adc_sam_d_r_h/adc.o
LOAD src/ASF/sam0/drivers/adc/adc_sam_d_r_h/adc_callback.o
LOAD src/ASF/sam0/drivers/dma/dma.o
LOAD src/sensorsControl.o
LOAD src/ultraSound.o
LOAD src/ASF/sam0/drivers/extint/extint_sam_d_r_h/extint.o
LOAD src/ASF/sam0/drivers/sercom/sercom.o
LOAD src/control_loop.o
LOAD src/encoders.o
LOAD src/motors.o
LOAD src/power_on_off.o
LOAD src/spi_slave.o
LOAD src/spi_slave_control.o
LOAD src/status_LED.o
LOAD src/test.o
LOAD src/ASF/sam0/drivers/tcc/tcc.o
LOAD src/ASF/sam0/drivers/tcc/tcc_callback.o
LOAD src/ASF/sam0/drivers/tc/tc_sam_d_r_h/tc.o
LOAD src/ASF/sam0/drivers/tc/tc_interrupt.o
LOAD src/ASF/sam0/drivers/sercom/spi/spi.o
LOAD src/ASF/sam0/drivers/sercom/spi/spi_interrupt.o
LOAD src/ASF/sam0/drivers/sercom/sercom_interrupt.o
LOAD src/ASF/sam0/drivers/extint/extint_callback.o
LOAD src/ASF/common2/services/delay/sam0/systick_counter.o
LOAD src/ASF/sam0/drivers/port/port.o
LOAD src/ASF/sam0/drivers/sercom/spi_master_vec/spi_master_vec.o
LOAD src/ASF/common2/boards/user_board/init.o
LOAD src/ASF/common/utils/interrupt/interrupt_sam_nvic.o
LOAD src/ASF/sam0/drivers/system/clock/clock_samd09_d10_d11/clock.o
LOAD src/ASF/sam0/drivers/system/clock/clock_samd09_d10_d11/gclk.o
LOAD src/ASF/sam0/drivers/system/interrupt/system_interrupt.o
LOAD src/ASF/sam0/drivers/system/pinmux/pinmux.o
LOAD src/ASF/sam0/drivers/system/system.o
LOAD src/ASF/sam0/utils/cmsis/samd10/source/gcc/startup_samd10.o
LOAD src/ASF/sam0/utils/cmsis/samd10/source/system_samd10.o
LOAD src/ASF/sam0/utils/syscalls/gcc/syscalls.o
LOAD src/main.o
START GROUP
LOAD ../src/ASF/thirdparty/CMSIS/Lib/GCC\libarm_cortexM0l_math.a
LOAD c:/program files (x86)/atmel/studio/7.0/toolchain/arm/arm-gnu-toolchain/bin/../lib/gcc/arm-none-eabi/6.2.1/../../../../arm-none-eabi/lib/thumb/v6-m\libm.a
END GROUP
START GROUP
LOAD c:/program files (x86)/atmel/studio/7.0/toolchain/arm/arm-gnu-toolchain/bin/../lib/gcc/arm-none-eabi/6.2.1/thumb/v6-m\libgcc.a
LOAD c:/program files (x86)/atmel/studio/7.0/toolchain/arm/arm-gnu-toolchain/bin/../lib/gcc/arm-none-eabi/6.2.1/../../../../arm-none-eabi/lib/thumb/v6-m\libc_nano.a
END GROUP
START GROUP
LOAD c:/program files (x86)/atmel/studio/7.0/toolchain/arm/arm-gnu-toolchain/bin/../lib/gcc/arm-none-eabi/6.2.1/thumb/v6-m\libgcc.a
LOAD c:/program files (x86)/atmel/studio/7.0/toolchain/arm/arm-gnu-toolchain/bin/../lib/gcc/arm-none-eabi/6.2.1/../../../../arm-none-eabi/lib/thumb/v6-m\libc_nano.a
END GROUP
LOAD c:/program files (x86)/atmel/studio/7.0/toolchain/arm/arm-gnu-toolchain/bin/../lib/gcc/arm-none-eabi/6.2.1/thumb/v6-m/crtend.o
LOAD c:/program files (x86)/atmel/studio/7.0/toolchain/arm/arm-gnu-toolchain/bin/../lib/gcc/arm-none-eabi/6.2.1/thumb/v6-m/crtn.o
                0x00000400                STACK_SIZE = DEFINED (STACK_SIZE)?STACK_SIZE:DEFINED (__stack_size__)?__stack_size__:0x400

.text           0x00000000     0x2e08
                0x00000000                . = ALIGN (0x4)
                0x00000000                _sfixed = .
 *(.vectors .vectors.*)
 .vectors       0x00000000       0x8c src/ASF/sam0/utils/cmsis/samd10/source/gcc/startup_samd10.o
                0x00000000                exception_table
 *(.text .text.* .gnu.linkonce.t.*)
 .text          0x0000008c       0x60 c:/program files (x86)/atmel/studio/7.0/toolchain/arm/arm-gnu-toolchain/bin/../lib/gcc/arm-none-eabi/6.2.1/thumb/v6-m/crtbegin.o
 .text.ADC_Handler
                0x000000ec       0xc0 src/ASF/sam0/drivers/adc/adc_sam_d_r_h/adc_callback.o
                0x000000ec                ADC_Handler
 .text.DMAC_Handler
                0x000001ac       0xb4 src/ASF/sam0/drivers/dma/dma.o
                0x000001ac                DMAC_Handler
 .text.readSensors
                0x00000260       0x1c src/sensorsControl.o
                0x00000260                readSensors
 .text.new_echo_detection_callback
                0x0000027c       0x48 src/ultraSound.o
                0x0000027c                new_echo_detection_callback
 .text.configure_tc2
                0x000002c4       0x68 src/ultraSound.o
                0x000002c4                configure_tc2
 .text.configure_echo_extint
                0x0000032c       0x34 src/ultraSound.o
                0x0000032c                configure_echo_extint
 .text.setup_ultrasound
                0x00000360       0x2c src/ultraSound.o
                0x00000360                setup_ultrasound
 .text.TC2_OV_callback
                0x0000038c        0xc src/ultraSound.o
                0x0000038c                TC2_OV_callback
 .text.configurePins
                0x00000398       0x34 src/ultraSound.o
                0x00000398                configurePins
 .text.getUltrasoundDistance
                0x000003cc       0x28 src/ultraSound.o
                0x000003cc                getUltrasoundDistance
 .text.configure_TC2_callback
                0x000003f4       0x4c src/ultraSound.o
                0x000003f4                configure_TC2_callback
 .text.configure_ext_callback
                0x00000440       0x24 src/ultraSound.o
                0x00000440                configure_ext_callback
 .text.configureModules
                0x00000464       0x14 src/ultraSound.o
                0x00000464                configureModules
 .text.configureCallbacks
                0x00000478       0x14 src/ultraSound.o
                0x00000478                configureCallbacks
 .text.configureUltrasound
                0x0000048c       0x1c src/ultraSound.o
                0x0000048c                configureUltrasound
 .text._extint_enable
                0x000004a8       0x18 src/ASF/sam0/drivers/extint/extint_sam_d_r_h/extint.o
 .text._system_extint_init
                0x000004c0       0x6c src/ASF/sam0/drivers/extint/extint_sam_d_r_h/extint.o
                0x000004c0                _system_extint_init
 .text.extint_chan_get_config_defaults
                0x0000052c       0x14 src/ASF/sam0/drivers/extint/extint_sam_d_r_h/extint.o
                0x0000052c                extint_chan_get_config_defaults
 .text.extint_chan_set_config
                0x00000540       0x78 src/ASF/sam0/drivers/extint/extint_sam_d_r_h/extint.o
                0x00000540                extint_chan_set_config
 .text._sercom_get_sync_baud_val
                0x000005b8       0x28 src/ASF/sam0/drivers/sercom/sercom.o
                0x000005b8                _sercom_get_sync_baud_val
 .text.sercom_set_gclk_generator
                0x000005e0       0x4c src/ASF/sam0/drivers/sercom/sercom.o
                0x000005e0                sercom_set_gclk_generator
 .text._sercom_get_default_pad
                0x0000062c       0xc0 src/ASF/sam0/drivers/sercom/sercom.o
                0x0000062c                _sercom_get_default_pad
 .text._sercom_get_sercom_inst_index
                0x000006ec       0x38 src/ASF/sam0/drivers/sercom/sercom.o
                0x000006ec                _sercom_get_sercom_inst_index
 .text.control_loop_motors
                0x00000724      0x208 src/control_loop.o
                0x00000724                control_loop_motors
 .text.update_PID_values
                0x0000092c       0x34 src/control_loop.o
                0x0000092c                update_PID_values
 .text.move_motor
                0x00000960       0x80 src/control_loop.o
                0x00000960                move_motor
 .text.extint_detection_left_encoder_callback
                0x000009e0       0x24 src/encoders.o
                0x000009e0                extint_detection_left_encoder_callback
 .text.extint_detection_right_encoder_callback
                0x00000a04       0x24 src/encoders.o
                0x00000a04                extint_detection_right_encoder_callback
 .text.tc_callback_OF
                0x00000a28        0xc src/encoders.o
                0x00000a28                tc_callback_OF
 .text.init_timer_callbacks
                0x00000a34       0x1c src/encoders.o
                0x00000a34                init_timer_callbacks
 .text.configure_timer_encoder
                0x00000a50       0x70 src/encoders.o
                0x00000a50                configure_timer_encoder
 .text.configure_extint_left_encoder
                0x00000ac0       0x30 src/encoders.o
                0x00000ac0                configure_extint_left_encoder
 .text.configure_extint_right_encoder
                0x00000af0       0x30 src/encoders.o
                0x00000af0                configure_extint_right_encoder
 .text.configure_extint_right_encoder_callbacks
                0x00000b20       0x24 src/encoders.o
                0x00000b20                configure_extint_right_encoder_callbacks
 .text.configure_extint_left_encoder_callbacks
                0x00000b44       0x24 src/encoders.o
                0x00000b44                configure_extint_left_encoder_callbacks
 .text.encoder_timer_init
                0x00000b68       0x14 src/encoders.o
                0x00000b68                encoder_timer_init
 .text.encoders_init
                0x00000b7c       0x2c src/encoders.o
                0x00000b7c                encoders_init
 .text.config_timer_waveform
                0x00000ba8       0xa8 src/motors.o
                0x00000ba8                config_timer_waveform
 .text.set_motor_left
                0x00000c50       0x60 src/motors.o
                0x00000c50                set_motor_left
 .text.set_motor_right
                0x00000cb0       0x60 src/motors.o
                0x00000cb0                set_motor_right
 .text.configure_motors
                0x00000d10        0xc src/motors.o
                0x00000d10                configure_motors
 .text.init_power_pin
                0x00000d1c       0x2c src/power_on_off.o
                0x00000d1c                init_power_pin
 .text.power_button_on
                0x00000d48       0x24 src/power_on_off.o
                0x00000d48                power_button_on
 .text.power_off
                0x00000d6c       0x3c src/power_on_off.o
                0x00000d6c                power_off
 .text.check_power_off_button
                0x00000da8       0x54 src/power_on_off.o
                0x00000da8                check_power_off_button
 .text.power_button_init
                0x00000dfc       0x20 src/power_on_off.o
                0x00000dfc                power_button_init
 .text.configure_spi_slave
                0x00000e1c       0xa4 src/spi_slave.o
                0x00000e1c                configure_spi_slave
 .text.check_buffer
                0x00000ec0       0x88 src/spi_slave.o
                0x00000ec0                check_buffer
 .text.configure_spi_slave_callbacks
                0x00000f48       0x28 src/spi_slave.o
                0x00000f48                configure_spi_slave_callbacks
 .text.spi_slave_init
                0x00000f70       0x60 src/spi_slave.o
                0x00000f70                spi_slave_init
 .text.spi_slave_callback
                0x00000fd0       0xb8 src/spi_slave.o
 .text.spi_main_loop
                0x00001088       0x8c src/spi_slave_control.o
                0x00001088                spi_main_loop
 .text.status_led_init
                0x00001114       0x38 src/status_LED.o
                0x00001114                status_led_init
 .text.status_led_green
                0x0000114c       0x1c src/status_LED.o
                0x0000114c                status_led_green
 .text.status_led_red
                0x00001168       0x1c src/status_LED.o
                0x00001168                status_led_red
 .text._tcc_get_inst_index
                0x00001184        0x4 src/ASF/sam0/drivers/tcc/tcc.o
                0x00001184                _tcc_get_inst_index
 .text._tcc_set_compare_value
                0x00001188       0x58 src/ASF/sam0/drivers/tcc/tcc.o
 .text.tcc_get_config_defaults
                0x000011e0      0x13c src/ASF/sam0/drivers/tcc/tcc.o
                0x000011e0                tcc_get_config_defaults
 .text.tcc_init
                0x0000131c      0x388 src/ASF/sam0/drivers/tcc/tcc.o
                0x0000131c                tcc_init
 .text.tcc_set_compare_value
                0x000016a4       0x10 src/ASF/sam0/drivers/tcc/tcc.o
                0x000016a4                tcc_set_compare_value
 .text._tcc_interrupt_handler
                0x000016b4       0x4c src/ASF/sam0/drivers/tcc/tcc_callback.o
                0x000016b4                _tcc_interrupt_handler
 .text.TCC0_Handler
                0x00001700       0x10 src/ASF/sam0/drivers/tcc/tcc_callback.o
                0x00001700                TCC0_Handler
 .text._tc_get_inst_index
                0x00001710       0x24 src/ASF/sam0/drivers/tc/tc_sam_d_r_h/tc.o
                0x00001710                _tc_get_inst_index
 .text.tc_init  0x00001734      0x230 src/ASF/sam0/drivers/tc/tc_sam_d_r_h/tc.o
                0x00001734                tc_init
 .text.tc_set_count_value
                0x00001964       0x32 src/ASF/sam0/drivers/tc/tc_sam_d_r_h/tc.o
                0x00001964                tc_set_count_value
 .text.tc_get_count_value
                0x00001996       0x2c src/ASF/sam0/drivers/tc/tc_sam_d_r_h/tc.o
                0x00001996                tc_get_count_value
 .text.tc_register_callback
                0x000019c2       0x32 src/ASF/sam0/drivers/tc/tc_interrupt.o
                0x000019c2                tc_register_callback
 .text._tc_interrupt_handler
                0x000019f4       0x64 src/ASF/sam0/drivers/tc/tc_interrupt.o
                0x000019f4                _tc_interrupt_handler
 .text.TC1_Handler
                0x00001a58       0x10 src/ASF/sam0/drivers/tc/tc_interrupt.o
                0x00001a58                TC1_Handler
 .text.TC2_Handler
                0x00001a68       0x10 src/ASF/sam0/drivers/tc/tc_interrupt.o
                0x00001a68                TC2_Handler
 .text.spi_reset
                0x00001a78       0x4c src/ASF/sam0/drivers/sercom/spi/spi.o
                0x00001a78                spi_reset
 .text.spi_init
                0x00001ac4      0x214 src/ASF/sam0/drivers/sercom/spi/spi.o
                0x00001ac4                spi_init
 .text.spi_register_callback
                0x00001cd8       0x18 src/ASF/sam0/drivers/sercom/spi/spi_interrupt.o
                0x00001cd8                spi_register_callback
 .text.spi_transceive_buffer_job
                0x00001cf0       0x48 src/ASF/sam0/drivers/sercom/spi/spi_interrupt.o
                0x00001cf0                spi_transceive_buffer_job
 .text._spi_interrupt_handler
                0x00001d38      0x1a0 src/ASF/sam0/drivers/sercom/spi/spi_interrupt.o
                0x00001d38                _spi_interrupt_handler
 .text._sercom_default_handler
                0x00001ed8        0x2 src/ASF/sam0/drivers/sercom/sercom_interrupt.o
 *fill*         0x00001eda        0x2 
 .text._sercom_set_handler
                0x00001edc       0x3c src/ASF/sam0/drivers/sercom/sercom_interrupt.o
                0x00001edc                _sercom_set_handler
 .text._sercom_get_interrupt_vector
                0x00001f18       0x20 src/ASF/sam0/drivers/sercom/sercom_interrupt.o
                0x00001f18                _sercom_get_interrupt_vector
 .text.SERCOM0_Handler
                0x00001f38       0x10 src/ASF/sam0/drivers/sercom/sercom_interrupt.o
                0x00001f38                SERCOM0_Handler
 .text.SERCOM1_Handler
                0x00001f48       0x10 src/ASF/sam0/drivers/sercom/sercom_interrupt.o
                0x00001f48                SERCOM1_Handler
 .text.SERCOM2_Handler
                0x00001f58       0x10 src/ASF/sam0/drivers/sercom/sercom_interrupt.o
                0x00001f58                SERCOM2_Handler
 .text.extint_register_callback
                0x00001f68       0x2c src/ASF/sam0/drivers/extint/extint_callback.o
                0x00001f68                extint_register_callback
 .text.extint_chan_enable_callback
                0x00001f94       0x20 src/ASF/sam0/drivers/extint/extint_callback.o
                0x00001f94                extint_chan_enable_callback
 .text.EIC_Handler
                0x00001fb4       0x54 src/ASF/sam0/drivers/extint/extint_callback.o
                0x00001fb4                EIC_Handler
 .text.delay_init
                0x00002008       0x40 src/ASF/common2/services/delay/sam0/systick_counter.o
                0x00002008                delay_init
 .text.delay_cycles_us
                0x00002048       0x2c src/ASF/common2/services/delay/sam0/systick_counter.o
                0x00002048                delay_cycles_us
 .text.delay_cycles_ms
                0x00002074       0x2c src/ASF/common2/services/delay/sam0/systick_counter.o
                0x00002074                delay_cycles_ms
 .text.port_pin_set_config
                0x000020a0       0x24 src/ASF/sam0/drivers/port/port.o
                0x000020a0                port_pin_set_config
 .text.system_board_init
                0x000020c4        0x2 src/ASF/common2/boards/user_board/init.o
                0x000020c4                board_init
                0x000020c4                system_board_init
 *fill*         0x000020c6        0x2 
 .text.cpu_irq_enter_critical
                0x000020c8       0x40 src/ASF/common/utils/interrupt/interrupt_sam_nvic.o
                0x000020c8                cpu_irq_enter_critical
 .text.cpu_irq_leave_critical
                0x00002108       0x30 src/ASF/common/utils/interrupt/interrupt_sam_nvic.o
                0x00002108                cpu_irq_leave_critical
 .text.system_clock_source_get_hz
                0x00002138       0x90 src/ASF/sam0/drivers/system/clock/clock_samd09_d10_d11/clock.o
                0x00002138                system_clock_source_get_hz
 .text.system_clock_source_osc8m_set_config
                0x000021c8       0x3c src/ASF/sam0/drivers/system/clock/clock_samd09_d10_d11/clock.o
                0x000021c8                system_clock_source_osc8m_set_config
 .text.system_clock_source_osc32k_set_config
                0x00002204       0x7c src/ASF/sam0/drivers/system/clock/clock_samd09_d10_d11/clock.o
                0x00002204                system_clock_source_osc32k_set_config
 .text.system_clock_source_dfll_set_config
                0x00002280       0x80 src/ASF/sam0/drivers/system/clock/clock_samd09_d10_d11/clock.o
                0x00002280                system_clock_source_dfll_set_config
 .text.system_clock_source_enable
                0x00002300       0xa8 src/ASF/sam0/drivers/system/clock/clock_samd09_d10_d11/clock.o
                0x00002300                system_clock_source_enable
 .text.system_clock_init
                0x000023a8      0x17c src/ASF/sam0/drivers/system/clock/clock_samd09_d10_d11/clock.o
                0x000023a8                system_clock_init
 .text.system_gclk_init
                0x00002524       0x24 src/ASF/sam0/drivers/system/clock/clock_samd09_d10_d11/gclk.o
                0x00002524                system_gclk_init
 .text.system_gclk_gen_set_config
                0x00002548       0xb8 src/ASF/sam0/drivers/system/clock/clock_samd09_d10_d11/gclk.o
                0x00002548                system_gclk_gen_set_config
 .text.system_gclk_gen_enable
                0x00002600       0x44 src/ASF/sam0/drivers/system/clock/clock_samd09_d10_d11/gclk.o
                0x00002600                system_gclk_gen_enable
 .text.system_gclk_gen_get_hz
                0x00002644       0x8c src/ASF/sam0/drivers/system/clock/clock_samd09_d10_d11/gclk.o
                0x00002644                system_gclk_gen_get_hz
 .text.system_gclk_chan_enable
                0x000026d0       0x30 src/ASF/sam0/drivers/system/clock/clock_samd09_d10_d11/gclk.o
                0x000026d0                system_gclk_chan_enable
 .text.system_gclk_chan_disable
                0x00002700       0x5c src/ASF/sam0/drivers/system/clock/clock_samd09_d10_d11/gclk.o
                0x00002700                system_gclk_chan_disable
 .text.system_gclk_chan_set_config
                0x0000275c       0x1c src/ASF/sam0/drivers/system/clock/clock_samd09_d10_d11/gclk.o
                0x0000275c                system_gclk_chan_set_config
 .text.system_gclk_chan_get_hz
                0x00002778       0x34 src/ASF/sam0/drivers/system/clock/clock_samd09_d10_d11/gclk.o
                0x00002778                system_gclk_chan_get_hz
 .text._system_pinmux_config
                0x000027ac       0xa8 src/ASF/sam0/drivers/system/pinmux/pinmux.o
 .text.system_pinmux_pin_set_config
                0x00002854       0x30 src/ASF/sam0/drivers/system/pinmux/pinmux.o
                0x00002854                system_pinmux_pin_set_config
 .text._system_dummy_init
                0x00002884        0x2 src/ASF/sam0/drivers/system/system.o
                0x00002884                _system_events_init
                0x00002884                _system_dummy_init
                0x00002884                _system_divas_init
 *fill*         0x00002886        0x2 
 .text.system_init
                0x00002888       0x2c src/ASF/sam0/drivers/system/system.o
                0x00002888                system_init
 .text.Dummy_Handler
                0x000028b4        0x2 src/ASF/sam0/utils/cmsis/samd10/source/gcc/startup_samd10.o
                0x000028b4                HardFault_Handler
                0x000028b4                AC_Handler
                0x000028b4                SysTick_Handler
                0x000028b4                PendSV_Handler
                0x000028b4                NMI_Handler
                0x000028b4                RTC_Handler
                0x000028b4                WDT_Handler
                0x000028b4                Dummy_Handler
                0x000028b4                PM_Handler
                0x000028b4                SVC_Handler
                0x000028b4                EVSYS_Handler
                0x000028b4                NVMCTRL_Handler
                0x000028b4                DAC_Handler
                0x000028b4                PTC_Handler
                0x000028b4                SYSCTRL_Handler
 *fill*         0x000028b6        0x2 
 .text.Reset_Handler
                0x000028b8       0xd0 src/ASF/sam0/utils/cmsis/samd10/source/gcc/startup_samd10.o
                0x000028b8                Reset_Handler
 .text.configureProfile
                0x00002988       0x20 src/main.o
                0x00002988                configureProfile
 .text.main     0x000029a8       0x70 src/main.o
                0x000029a8                main
 .text          0x00002a18      0x114 c:/program files (x86)/atmel/studio/7.0/toolchain/arm/arm-gnu-toolchain/bin/../lib/gcc/arm-none-eabi/6.2.1/thumb/v6-m\libgcc.a(_udivsi3.o)
                0x00002a18                __aeabi_uidiv
                0x00002a18                __udivsi3
                0x00002b24                __aeabi_uidivmod
 .text          0x00002b2c      0x1d4 c:/program files (x86)/atmel/studio/7.0/toolchain/arm/arm-gnu-toolchain/bin/../lib/gcc/arm-none-eabi/6.2.1/thumb/v6-m\libgcc.a(_divsi3.o)
                0x00002b2c                __divsi3
                0x00002b2c                __aeabi_idiv
                0x00002cf8                __aeabi_idivmod
 .text          0x00002d00        0x4 c:/program files (x86)/atmel/studio/7.0/toolchain/arm/arm-gnu-toolchain/bin/../lib/gcc/arm-none-eabi/6.2.1/thumb/v6-m\libgcc.a(_dvmd_tls.o)
                0x00002d00                __aeabi_idiv0
                0x00002d00                __aeabi_ldiv0
 .text.__libc_init_array
                0x00002d04       0x48 c:/program files (x86)/atmel/studio/7.0/toolchain/arm/arm-gnu-toolchain/bin/../lib/gcc/arm-none-eabi/6.2.1/../../../../arm-none-eabi/lib/thumb/v6-m\libc_nano.a(lib_a-init.o)
                0x00002d04                __libc_init_array
 .text.memset   0x00002d4c       0x10 c:/program files (x86)/atmel/studio/7.0/toolchain/arm/arm-gnu-toolchain/bin/../lib/gcc/arm-none-eabi/6.2.1/../../../../arm-none-eabi/lib/thumb/v6-m\libc_nano.a(lib_a-memset.o)
                0x00002d4c                memset
 *(.glue_7t)
 .glue_7t       0x00002d5c        0x0 linker stubs
 *(.glue_7)
 .glue_7        0x00002d5c        0x0 linker stubs
 *(.rodata .rodata* .gnu.linkonce.r.*)
 .rodata.tc_interrupt_vectors.12389
                0x00002d5c        0x2 src/ultraSound.o
 *fill*         0x00002d5e        0x2 
 .rodata        0x00002d60        0xc src/ASF/sam0/drivers/sercom/sercom.o
 .rodata.tc_interrupt_vectors.12389
                0x00002d6c        0x2 src/control_loop.o
 *fill*         0x00002d6e        0x2 
 .rodata._tcc_intflag
                0x00002d70       0x30 src/ASF/sam0/drivers/tcc/tcc_callback.o
                0x00002d70                _tcc_intflag
 .rodata.system_clock_source_get_hz
                0x00002da0       0x24 src/ASF/sam0/drivers/system/clock/clock_samd09_d10_d11/clock.o
 .rodata.system_clock_source_enable
                0x00002dc4       0x24 src/ASF/sam0/drivers/system/clock/clock_samd09_d10_d11/clock.o
 *(.ARM.extab* .gnu.linkonce.armextab.*)
                0x00002de8                . = ALIGN (0x4)
 *(.init)
 .init          0x00002de8        0x4 c:/program files (x86)/atmel/studio/7.0/toolchain/arm/arm-gnu-toolchain/bin/../lib/gcc/arm-none-eabi/6.2.1/thumb/v6-m/crti.o
                0x00002de8                _init
 .init          0x00002dec        0x8 c:/program files (x86)/atmel/studio/7.0/toolchain/arm/arm-gnu-toolchain/bin/../lib/gcc/arm-none-eabi/6.2.1/thumb/v6-m/crtn.o
                0x00002df4                . = ALIGN (0x4)
                0x00002df4                __preinit_array_start = .
 *(.preinit_array)
                0x00002df4                __preinit_array_end = .
                0x00002df4                . = ALIGN (0x4)
                0x00002df4                __init_array_start = .
 *(SORT(.init_array.*))
 *(.init_array)
 .init_array    0x00002df4        0x4 c:/program files (x86)/atmel/studio/7.0/toolchain/arm/arm-gnu-toolchain/bin/../lib/gcc/arm-none-eabi/6.2.1/thumb/v6-m/crtbegin.o
                0x00002df8                __init_array_end = .
                0x00002df8                . = ALIGN (0x4)
 *crtbegin.o(.ctors)
 *(EXCLUDE_FILE(*crtend.o) .ctors)
 *(SORT(.ctors.*))
 *crtend.o(.ctors)
                0x00002df8                . = ALIGN (0x4)
 *(.fini)
 .fini          0x00002df8        0x4 c:/program files (x86)/atmel/studio/7.0/toolchain/arm/arm-gnu-toolchain/bin/../lib/gcc/arm-none-eabi/6.2.1/thumb/v6-m/crti.o
                0x00002df8                _fini
 .fini          0x00002dfc        0x8 c:/program files (x86)/atmel/studio/7.0/toolchain/arm/arm-gnu-toolchain/bin/../lib/gcc/arm-none-eabi/6.2.1/thumb/v6-m/crtn.o
                0x00002e04                . = ALIGN (0x4)
                0x00002e04                __fini_array_start = .
 *(.fini_array)
 .fini_array    0x00002e04        0x4 c:/program files (x86)/atmel/studio/7.0/toolchain/arm/arm-gnu-toolchain/bin/../lib/gcc/arm-none-eabi/6.2.1/thumb/v6-m/crtbegin.o
 *(SORT(.fini_array.*))
                0x00002e08                __fini_array_end = .
 *crtbegin.o(.dtors)
 *(EXCLUDE_FILE(*crtend.o) .dtors)
 *(SORT(.dtors.*))
 *crtend.o(.dtors)
                0x00002e08                . = ALIGN (0x4)
                0x00002e08                _efixed = .
                [!provide]                PROVIDE (__exidx_start, .)

.vfp11_veneer   0x00002e08        0x0
 .vfp11_veneer  0x00002e08        0x0 linker stubs

.v4_bx          0x00002e08        0x0
 .v4_bx         0x00002e08        0x0 linker stubs

.iplt           0x00002e08        0x0
 .iplt          0x00002e08        0x0 c:/program files (x86)/atmel/studio/7.0/toolchain/arm/arm-gnu-toolchain/bin/../lib/gcc/arm-none-eabi/6.2.1/thumb/v6-m/crtbegin.o

.eh_frame       0x00002e08        0x0
 .eh_frame      0x00002e08        0x0 c:/program files (x86)/atmel/studio/7.0/toolchain/arm/arm-gnu-toolchain/bin/../lib/gcc/arm-none-eabi/6.2.1/thumb/v6-m/crtbegin.o

.rel.dyn        0x00002e08        0x0
 .rel.iplt      0x00002e08        0x0 c:/program files (x86)/atmel/studio/7.0/toolchain/arm/arm-gnu-toolchain/bin/../lib/gcc/arm-none-eabi/6.2.1/thumb/v6-m/crtbegin.o

.jcr            0x00002e08        0x0
 .jcr           0x00002e08        0x0 c:/program files (x86)/atmel/studio/7.0/toolchain/arm/arm-gnu-toolchain/bin/../lib/gcc/arm-none-eabi/6.2.1/thumb/v6-m/crtbegin.o

.igot.plt       0x00002e08        0x0
 .igot.plt      0x00002e08        0x0 c:/program files (x86)/atmel/studio/7.0/toolchain/arm/arm-gnu-toolchain/bin/../lib/gcc/arm-none-eabi/6.2.1/thumb/v6-m/crtbegin.o

.ARM.exidx
 *(.ARM.exidx* .gnu.linkonce.armexidx.*)
                [!provide]                PROVIDE (__exidx_end, .)
                0x00002e08                . = ALIGN (0x4)
                0x00002e08                _etext = .

.relocate       0x20000000       0x14 load address 0x00002e08
                0x20000000                . = ALIGN (0x4)
                0x20000000                _srelocate = .
 *(.ramfunc .ramfunc.*)
 *(.data .data.*)
 .data.kd_constant
                0x20000000        0x2 src/control_loop.o
 .data.ki_constant
                0x20000002        0x2 src/control_loop.o
 .data.kp_constant
                0x20000004        0x2 src/control_loop.o
 *fill*         0x20000006        0x2 
 .data.cycles_per_ms
                0x20000008        0x4 src/ASF/common2/services/delay/sam0/systick_counter.o
 .data.cycles_per_us
                0x2000000c        0x4 src/ASF/common2/services/delay/sam0/systick_counter.o
 .data.g_interrupt_enabled
                0x20000010        0x1 src/ASF/common/utils/interrupt/interrupt_sam_nvic.o
                0x20000010                g_interrupt_enabled
                0x20000014                . = ALIGN (0x4)
 *fill*         0x20000011        0x3 
                0x20000014                _erelocate = .

.bss            0x20000020      0x7fc load address 0x00002e30
                0x20000020                . = ALIGN (0x4)
                0x20000020                _sbss = .
                0x20000020                _szero = .
 *(.bss .bss.*)
 .bss           0x20000020       0x1c c:/program files (x86)/atmel/studio/7.0/toolchain/arm/arm-gnu-toolchain/bin/../lib/gcc/arm-none-eabi/6.2.1/thumb/v6-m/crtbegin.o
 .bss._dma_active_resource
                0x2000003c       0x14 src/ASF/sam0/drivers/dma/dma.o
 .bss._write_back_section
                0x20000050       0x50 src/ASF/sam0/drivers/dma/dma.o
 .bss.distance_16b
                0x200000a0        0x4 src/ultraSound.o
 .bss.distance_ultrasound.12832
                0x200000a4        0x2 src/ultraSound.o
 .bss.readyDistance
                0x200000a6        0x1 src/ultraSound.o
 *fill*         0x200000a7        0x1 
 .bss.rising_edge.12828
                0x200000a8        0x2 src/ultraSound.o
 *fill*         0x200000aa        0x2 
 .bss._sercom_config
                0x200000ac        0x2 src/ASF/sam0/drivers/sercom/sercom.o
 .bss.k.12852   0x200000ae        0x2 src/control_loop.o
 .bss.left_dir  0x200000b0        0x1 src/control_loop.o
 *fill*         0x200000b1        0x1 
 .bss.left_total_req_ticks
                0x200000b2        0x2 src/control_loop.o
 .bss.prev_error_right.12857
                0x200000b4        0x2 src/control_loop.o
 .bss.right_dir
                0x200000b6        0x1 src/control_loop.o
 *fill*         0x200000b7        0x1 
 .bss.right_total_req_ticks
                0x200000b8        0x2 src/control_loop.o
 *fill*         0x200000ba        0x2 
 .bss.sum_integral_left.12854
                0x200000bc        0x4 src/control_loop.o
 .bss.sum_integral_right.12856
                0x200000c0        0x4 src/control_loop.o
 .bss.old_left_dir.12823
                0x200000c4        0x1 src/motors.o
 .bss.old_left_speed.12824
                0x200000c5        0x1 src/motors.o
 .bss.old_right_dir.12829
                0x200000c6        0x1 src/motors.o
 .bss.old_right_speed.12830
                0x200000c7        0x1 src/motors.o
 .bss.tcc_instance0
                0x200000c8       0x40 src/motors.o
 .bss.count_power_button.12827
                0x20000108        0x2 src/power_on_off.o
 *fill*         0x2000010a        0x2 
 .bss.count_test.12820
                0x2000010c        0x4 src/power_on_off.o
 .bss.power_button_value_off.12828
                0x20000110        0x4 src/power_on_off.o
 .bss.head_pointer
                0x20000114        0x1 src/spi_slave.o
                0x20000114                head_pointer
 .bss.init.12848
                0x20000115        0x1 src/spi_slave.o
 .bss.tail_pointer
                0x20000116        0x1 src/spi_slave.o
                0x20000116                tail_pointer
 .bss.buffer_length.12889
                0x20000117        0x1 src/ASF/sam0/drivers/sercom/spi/spi_interrupt.o
 .bss._handler_table_initialized
                0x20000118        0x1 src/ASF/sam0/drivers/sercom/sercom_interrupt.o
 *fill*         0x20000119        0x3 
 .bss._sercom_interrupt_handlers
                0x2000011c        0xc src/ASF/sam0/drivers/sercom/sercom_interrupt.o
 .bss.cpu_irq_critical_section_counter
                0x20000128        0x4 src/ASF/common/utils/interrupt/interrupt_sam_nvic.o
 .bss.cpu_irq_prev_interrupt_state
                0x2000012c        0x1 src/ASF/common/utils/interrupt/interrupt_sam_nvic.o
 *fill*         0x2000012d        0x3 
 .bss._system_clock_inst
                0x20000130       0x18 src/ASF/sam0/drivers/system/clock/clock_samd09_d10_d11/clock.o
 .bss.left_encoder_ticks
                0x20000148        0x2 src/main.o
                0x20000148                left_encoder_ticks
 .bss.right_encoder_ticks
                0x2000014a        0x2 src/main.o
                0x2000014a                right_encoder_ticks
 .bss.serial_timeout
                0x2000014c        0x1 src/main.o
                0x2000014c                serial_timeout
 .bss.serial_timeout_count
                0x2000014d        0x1 src/main.o
                0x2000014d                serial_timeout_count
 .bss.spi_reset_1
                0x2000014e        0x1 src/main.o
                0x2000014e                spi_reset_1
 .bss.transcation_start
                0x2000014f        0x1 src/main.o
                0x2000014f                transcation_start
 .bss.transfer_complete_spi_slave
                0x20000150        0x1 src/main.o
                0x20000150                transfer_complete_spi_slave
 *(COMMON)
 *fill*         0x20000151        0x3 
 COMMON         0x20000154        0x4 src/ASF/sam0/drivers/adc/adc_sam_d_r_h/adc_callback.o
                0x20000154                _adc_instances
 *fill*         0x20000158        0x8 
 COMMON         0x20000160       0x50 src/ASF/sam0/drivers/dma/dma.o
                0x20000160                descriptor_section
 COMMON         0x200001b0       0x1c src/ultraSound.o
                0x200001b0                tc_instance2
 COMMON         0x200001cc       0x40 src/ASF/sam0/drivers/extint/extint_sam_d_r_h/extint.o
                0x200001cc                _extint_dev
 COMMON         0x2000020c      0x404 src/control_loop.o
                0x2000020c                speed_storage
                0x200005f4                tc_encoder_capture
 COMMON         0x20000610      0x104 src/spi_slave.o
                0x20000610                spi_slave_instance
                0x2000064c                ring_buffer
 COMMON         0x20000714        0x4 src/ASF/sam0/drivers/tcc/tcc_callback.o
                0x20000714                _tcc_instances
 COMMON         0x20000718        0x8 src/ASF/sam0/drivers/tc/tc_interrupt.o
                0x20000718                _tc_instances
 COMMON         0x20000720        0xc src/ASF/sam0/drivers/sercom/sercom_interrupt.o
                0x20000720                _sercom_instances
 COMMON         0x2000072c        0x1 src/ASF/sam0/drivers/extint/extint_callback.o
                0x2000072c                _current_channel
 *fill*         0x2000072d        0x3 
 COMMON         0x20000730       0xec src/main.o
                0x20000730                DMASourceRegister
                0x200007cc                received_value
                0x200007e0                sensor_outputs
                0x200007f4                temp_receive
                0x20000808                transmit_value
                0x2000081c                . = ALIGN (0x4)
                0x2000081c                _ebss = .
                0x2000081c                _ezero = .

.stack          0x2000081c      0x404 load address 0x0000362c
                0x20000820                . = ALIGN (0x8)
 *fill*         0x2000081c        0x4 
                0x20000820                _sstack = .
                0x20000c20                . = (. + STACK_SIZE)
 *fill*         0x20000820      0x400 
                0x20000c20                . = ALIGN (0x8)
                0x20000c20                _estack = .
                0x20000c20                . = ALIGN (0x4)
                0x20000c20                _end = .
OUTPUT(FinchBit_V2_3.elf elf32-littlearm)

.ARM.attributes
                0x00000000       0x28
 .ARM.attributes
                0x00000000       0x1e c:/program files (x86)/atmel/studio/7.0/toolchain/arm/arm-gnu-toolchain/bin/../lib/gcc/arm-none-eabi/6.2.1/thumb/v6-m/crti.o
 .ARM.attributes
                0x0000001e       0x2c c:/program files (x86)/atmel/studio/7.0/toolchain/arm/arm-gnu-toolchain/bin/../lib/gcc/arm-none-eabi/6.2.1/thumb/v6-m/crtbegin.o
 .ARM.attributes
                0x0000004a       0x32 src/ASF/sam0/drivers/adc/adc_sam_d_r_h/adc_callback.o
 .ARM.attributes
                0x0000007c       0x32 src/ASF/sam0/drivers/dma/dma.o
 .ARM.attributes
                0x000000ae       0x32 src/sensorsControl.o
 .ARM.attributes
                0x000000e0       0x32 src/ultraSound.o
 .ARM.attributes
                0x00000112       0x32 src/ASF/sam0/drivers/extint/extint_sam_d_r_h/extint.o
 .ARM.attributes
                0x00000144       0x32 src/ASF/sam0/drivers/sercom/sercom.o
 .ARM.attributes
                0x00000176       0x32 src/control_loop.o
 .ARM.attributes
                0x000001a8       0x32 src/encoders.o
 .ARM.attributes
                0x000001da       0x32 src/motors.o
 .ARM.attributes
                0x0000020c       0x32 src/power_on_off.o
 .ARM.attributes
                0x0000023e       0x32 src/spi_slave.o
 .ARM.attributes
                0x00000270       0x32 src/spi_slave_control.o
 .ARM.attributes
                0x000002a2       0x32 src/status_LED.o
 .ARM.attributes
                0x000002d4       0x32 src/ASF/sam0/drivers/tcc/tcc.o
 .ARM.attributes
                0x00000306       0x32 src/ASF/sam0/drivers/tcc/tcc_callback.o
 .ARM.attributes
                0x00000338       0x32 src/ASF/sam0/drivers/tc/tc_sam_d_r_h/tc.o
 .ARM.attributes
                0x0000036a       0x32 src/ASF/sam0/drivers/tc/tc_interrupt.o
 .ARM.attributes
                0x0000039c       0x32 src/ASF/sam0/drivers/sercom/spi/spi.o
 .ARM.attributes
                0x000003ce       0x32 src/ASF/sam0/drivers/sercom/spi/spi_interrupt.o
 .ARM.attributes
                0x00000400       0x32 src/ASF/sam0/drivers/sercom/sercom_interrupt.o
 .ARM.attributes
                0x00000432       0x32 src/ASF/sam0/drivers/extint/extint_callback.o
 .ARM.attributes
                0x00000464       0x32 src/ASF/common2/services/delay/sam0/systick_counter.o
 .ARM.attributes
                0x00000496       0x32 src/ASF/sam0/drivers/port/port.o
 .ARM.attributes
                0x000004c8       0x32 src/ASF/common2/boards/user_board/init.o
 .ARM.attributes
                0x000004fa       0x32 src/ASF/common/utils/interrupt/interrupt_sam_nvic.o
 .ARM.attributes
                0x0000052c       0x32 src/ASF/sam0/drivers/system/clock/clock_samd09_d10_d11/clock.o
 .ARM.attributes
                0x0000055e       0x32 src/ASF/sam0/drivers/system/clock/clock_samd09_d10_d11/gclk.o
 .ARM.attributes
                0x00000590       0x32 src/ASF/sam0/drivers/system/pinmux/pinmux.o
 .ARM.attributes
                0x000005c2       0x32 src/ASF/sam0/drivers/system/system.o
 .ARM.attributes
                0x000005f4       0x32 src/ASF/sam0/utils/cmsis/samd10/source/gcc/startup_samd10.o
 .ARM.attributes
                0x00000626       0x32 src/main.o
 .ARM.attributes
                0x00000658       0x1e c:/program files (x86)/atmel/studio/7.0/toolchain/arm/arm-gnu-toolchain/bin/../lib/gcc/arm-none-eabi/6.2.1/thumb/v6-m\libgcc.a(_udivsi3.o)
 .ARM.attributes
                0x00000676       0x1e c:/program files (x86)/atmel/studio/7.0/toolchain/arm/arm-gnu-toolchain/bin/../lib/gcc/arm-none-eabi/6.2.1/thumb/v6-m\libgcc.a(_divsi3.o)
 .ARM.attributes
                0x00000694       0x1e c:/program files (x86)/atmel/studio/7.0/toolchain/arm/arm-gnu-toolchain/bin/../lib/gcc/arm-none-eabi/6.2.1/thumb/v6-m\libgcc.a(_dvmd_tls.o)
 .ARM.attributes
                0x000006b2       0x2c c:/program files (x86)/atmel/studio/7.0/toolchain/arm/arm-gnu-toolchain/bin/../lib/gcc/arm-none-eabi/6.2.1/../../../../arm-none-eabi/lib/thumb/v6-m\libc_nano.a(lib_a-init.o)
 .ARM.attributes
                0x000006de       0x2c c:/program files (x86)/atmel/studio/7.0/toolchain/arm/arm-gnu-toolchain/bin/../lib/gcc/arm-none-eabi/6.2.1/../../../../arm-none-eabi/lib/thumb/v6-m\libc_nano.a(lib_a-memset.o)
 .ARM.attributes
                0x0000070a       0x1e c:/program files (x86)/atmel/studio/7.0/toolchain/arm/arm-gnu-toolchain/bin/../lib/gcc/arm-none-eabi/6.2.1/thumb/v6-m/crtn.o

.comment        0x00000000       0x59
 .comment       0x00000000       0x59 src/ASF/sam0/drivers/adc/adc_sam_d_r_h/adc_callback.o
                                 0x5a (size before relaxing)
 .comment       0x00000059       0x5a src/ASF/sam0/drivers/dma/dma.o
 .comment       0x00000059       0x5a src/sensorsControl.o
 .comment       0x00000059       0x5a src/ultraSound.o
 .comment       0x00000059       0x5a src/ASF/sam0/drivers/extint/extint_sam_d_r_h/extint.o
 .comment       0x00000059       0x5a src/ASF/sam0/drivers/sercom/sercom.o
 .comment       0x00000059       0x5a src/control_loop.o
 .comment       0x00000059       0x5a src/encoders.o
 .comment       0x00000059       0x5a src/motors.o
 .comment       0x00000059       0x5a src/power_on_off.o
 .comment       0x00000059       0x5a src/spi_slave.o
 .comment       0x00000059       0x5a src/spi_slave_control.o
 .comment       0x00000059       0x5a src/status_LED.o
 .comment       0x00000059       0x5a src/ASF/sam0/drivers/tcc/tcc.o
 .comment       0x00000059       0x5a src/ASF/sam0/drivers/tcc/tcc_callback.o
 .comment       0x00000059       0x5a src/ASF/sam0/drivers/tc/tc_sam_d_r_h/tc.o
 .comment       0x00000059       0x5a src/ASF/sam0/drivers/tc/tc_interrupt.o
 .comment       0x00000059       0x5a src/ASF/sam0/drivers/sercom/spi/spi.o
 .comment       0x00000059       0x5a src/ASF/sam0/drivers/sercom/spi/spi_interrupt.o
 .comment       0x00000059       0x5a src/ASF/sam0/drivers/sercom/sercom_interrupt.o
 .comment       0x00000059       0x5a src/ASF/sam0/drivers/extint/extint_callback.o
 .comment       0x00000059       0x5a src/ASF/common2/services/delay/sam0/systick_counter.o
 .comment       0x00000059       0x5a src/ASF/sam0/drivers/port/port.o
 .comment       0x00000059       0x5a src/ASF/common2/boards/user_board/init.o
 .comment       0x00000059       0x5a src/ASF/common/utils/interrupt/interrupt_sam_nvic.o
 .comment       0x00000059       0x5a src/ASF/sam0/drivers/system/clock/clock_samd09_d10_d11/clock.o
 .comment       0x00000059       0x5a src/ASF/sam0/drivers/system/clock/clock_samd09_d10_d11/gclk.o
 .comment       0x00000059       0x5a src/ASF/sam0/drivers/system/pinmux/pinmux.o
 .comment       0x00000059       0x5a src/ASF/sam0/drivers/system/system.o
 .comment       0x00000059       0x5a src/ASF/sam0/utils/cmsis/samd10/source/gcc/startup_samd10.o
 .comment       0x00000059       0x5a src/main.o

.debug_info     0x00000000    0x53b73
 .debug_info    0x00000000     0x1bbe src/ASF/sam0/drivers/adc/adc_sam_d_r_h/adc_callback.o
 .debug_info    0x00001bbe     0x32d9 src/ASF/sam0/drivers/dma/dma.o
 .debug_info    0x00004e97     0x198b src/sensorsControl.o
 .debug_info    0x00006822     0x3d0d src/ultraSound.o
 .debug_info    0x0000a52f     0x275c src/ASF/sam0/drivers/extint/extint_sam_d_r_h/extint.o
 .debug_info    0x0000cc8b     0x2d8a src/ASF/sam0/drivers/sercom/sercom.o
 .debug_info    0x0000fa15     0x3684 src/control_loop.o
 .debug_info    0x00013099     0x31ef src/encoders.o
 .debug_info    0x00016288     0x441c src/motors.o
 .debug_info    0x0001a6a4     0x23f5 src/power_on_off.o
 .debug_info    0x0001ca99     0x43ab src/spi_slave.o
 .debug_info    0x00020e44     0x3c73 src/spi_slave_control.o
 .debug_info    0x00024ab7     0x2274 src/status_LED.o
 .debug_info    0x00026d2b     0x4b74 src/ASF/sam0/drivers/tcc/tcc.o
 .debug_info    0x0002b89f     0x302b src/ASF/sam0/drivers/tcc/tcc_callback.o
 .debug_info    0x0002e8ca     0x2eb9 src/ASF/sam0/drivers/tc/tc_sam_d_r_h/tc.o
 .debug_info    0x00031783     0x1ae9 src/ASF/sam0/drivers/tc/tc_interrupt.o
 .debug_info    0x0003326c     0x68ea src/ASF/sam0/drivers/sercom/spi/spi.o
 .debug_info    0x00039b56     0x3fb0 src/ASF/sam0/drivers/sercom/spi/spi_interrupt.o
 .debug_info    0x0003db06     0x2af8 src/ASF/sam0/drivers/sercom/sercom_interrupt.o
 .debug_info    0x000405fe     0x16d0 src/ASF/sam0/drivers/extint/extint_callback.o
 .debug_info    0x00041cce      0xb81 src/ASF/common2/services/delay/sam0/systick_counter.o
 .debug_info    0x0004284f     0x12ac src/ASF/sam0/drivers/port/port.o
 .debug_info    0x00043afb     0x193a src/ASF/common2/boards/user_board/init.o
 .debug_info    0x00045435      0xafb src/ASF/common/utils/interrupt/interrupt_sam_nvic.o
 .debug_info    0x00045f30     0x38a5 src/ASF/sam0/drivers/system/clock/clock_samd09_d10_d11/clock.o
 .debug_info    0x000497d5     0x1e47 src/ASF/sam0/drivers/system/clock/clock_samd09_d10_d11/gclk.o
 .debug_info    0x0004b61c     0x13ea src/ASF/sam0/drivers/system/pinmux/pinmux.o
 .debug_info    0x0004ca06      0xa67 src/ASF/sam0/drivers/system/system.o
 .debug_info    0x0004d46d     0x1ab0 src/ASF/sam0/utils/cmsis/samd10/source/gcc/startup_samd10.o
 .debug_info    0x0004ef1d     0x4c56 src/main.o

.debug_abbrev   0x00000000     0x6997
 .debug_abbrev  0x00000000      0x3b8 src/ASF/sam0/drivers/adc/adc_sam_d_r_h/adc_callback.o
 .debug_abbrev  0x000003b8      0x4a9 src/ASF/sam0/drivers/dma/dma.o
 .debug_abbrev  0x00000861      0x24a src/sensorsControl.o
 .debug_abbrev  0x00000aab      0x405 src/ultraSound.o
 .debug_abbrev  0x00000eb0      0x4a7 src/ASF/sam0/drivers/extint/extint_sam_d_r_h/extint.o
 .debug_abbrev  0x00001357      0x378 src/ASF/sam0/drivers/sercom/sercom.o
 .debug_abbrev  0x000016cf      0x454 src/control_loop.o
 .debug_abbrev  0x00001b23      0x398 src/encoders.o
 .debug_abbrev  0x00001ebb      0x33b src/motors.o
 .debug_abbrev  0x000021f6      0x34c src/power_on_off.o
 .debug_abbrev  0x00002542      0x3d6 src/spi_slave.o
 .debug_abbrev  0x00002918      0x2de src/spi_slave_control.o
 .debug_abbrev  0x00002bf6      0x319 src/status_LED.o
 .debug_abbrev  0x00002f0f      0x49b src/ASF/sam0/drivers/tcc/tcc.o
 .debug_abbrev  0x000033aa      0x389 src/ASF/sam0/drivers/tcc/tcc_callback.o
 .debug_abbrev  0x00003733      0x44f src/ASF/sam0/drivers/tc/tc_sam_d_r_h/tc.o
 .debug_abbrev  0x00003b82      0x2ff src/ASF/sam0/drivers/tc/tc_interrupt.o
 .debug_abbrev  0x00003e81      0x51f src/ASF/sam0/drivers/sercom/spi/spi.o
 .debug_abbrev  0x000043a0      0x3b8 src/ASF/sam0/drivers/sercom/spi/spi_interrupt.o
 .debug_abbrev  0x00004758      0x2da src/ASF/sam0/drivers/sercom/sercom_interrupt.o
 .debug_abbrev  0x00004a32      0x333 src/ASF/sam0/drivers/extint/extint_callback.o
 .debug_abbrev  0x00004d65      0x24b src/ASF/common2/services/delay/sam0/systick_counter.o
 .debug_abbrev  0x00004fb0      0x298 src/ASF/sam0/drivers/port/port.o
 .debug_abbrev  0x00005248      0x21e src/ASF/common2/boards/user_board/init.o
 .debug_abbrev  0x00005466      0x22c src/ASF/common/utils/interrupt/interrupt_sam_nvic.o
 .debug_abbrev  0x00005692      0x493 src/ASF/sam0/drivers/system/clock/clock_samd09_d10_d11/clock.o
 .debug_abbrev  0x00005b25      0x3f1 src/ASF/sam0/drivers/system/clock/clock_samd09_d10_d11/gclk.o
 .debug_abbrev  0x00005f16      0x36e src/ASF/sam0/drivers/system/pinmux/pinmux.o
 .debug_abbrev  0x00006284      0x1e1 src/ASF/sam0/drivers/system/system.o
 .debug_abbrev  0x00006465      0x200 src/ASF/sam0/utils/cmsis/samd10/source/gcc/startup_samd10.o
 .debug_abbrev  0x00006665      0x332 src/main.o

.debug_loc      0x00000000     0x9920
 .debug_loc     0x00000000      0x34a src/ASF/sam0/drivers/adc/adc_sam_d_r_h/adc_callback.o
 .debug_loc     0x0000034a      0x53a src/ASF/sam0/drivers/dma/dma.o
 .debug_loc     0x00000884       0x3f src/sensorsControl.o
 .debug_loc     0x000008c3      0x322 src/ultraSound.o
 .debug_loc     0x00000be5      0x43d src/ASF/sam0/drivers/extint/extint_sam_d_r_h/extint.o
 .debug_loc     0x00001022      0x893 src/ASF/sam0/drivers/sercom/sercom.o
 .debug_loc     0x000018b5      0x2f5 src/control_loop.o
 .debug_loc     0x00001baa      0x1b6 src/encoders.o
 .debug_loc     0x00001d60      0x1c0 src/motors.o
 .debug_loc     0x00001f20      0x1a6 src/power_on_off.o
 .debug_loc     0x000020c6      0x258 src/spi_slave.o
 .debug_loc     0x0000231e      0x121 src/spi_slave_control.o
 .debug_loc     0x0000243f      0x18f src/status_LED.o
 .debug_loc     0x000025ce     0x12f8 src/ASF/sam0/drivers/tcc/tcc.o
 .debug_loc     0x000038c6      0x205 src/ASF/sam0/drivers/tcc/tcc_callback.o
 .debug_loc     0x00003acb      0xdb9 src/ASF/sam0/drivers/tc/tc_sam_d_r_h/tc.o
 .debug_loc     0x00004884      0x168 src/ASF/sam0/drivers/tc/tc_interrupt.o
 .debug_loc     0x000049ec     0x2a76 src/ASF/sam0/drivers/sercom/spi/spi.o
 .debug_loc     0x00007462      0x5c4 src/ASF/sam0/drivers/sercom/spi/spi_interrupt.o
 .debug_loc     0x00007a26      0x139 src/ASF/sam0/drivers/sercom/sercom_interrupt.o
 .debug_loc     0x00007b5f      0x2ac src/ASF/sam0/drivers/extint/extint_callback.o
 .debug_loc     0x00007e0b       0xe4 src/ASF/common2/services/delay/sam0/systick_counter.o
 .debug_loc     0x00007eef      0x13d src/ASF/sam0/drivers/port/port.o
 .debug_loc     0x0000802c      0xfb7 src/ASF/sam0/drivers/system/clock/clock_samd09_d10_d11/clock.o
 .debug_loc     0x00008fe3      0x504 src/ASF/sam0/drivers/system/clock/clock_samd09_d10_d11/gclk.o
 .debug_loc     0x000094e7      0x36d src/ASF/sam0/drivers/system/pinmux/pinmux.o
 .debug_loc     0x00009854       0x20 src/ASF/sam0/drivers/system/system.o
 .debug_loc     0x00009874       0x40 src/ASF/sam0/utils/cmsis/samd10/source/gcc/startup_samd10.o
 .debug_loc     0x000098b4       0x6c src/main.o

.debug_aranges  0x00000000      0x8e0
 .debug_aranges
                0x00000000       0x48 src/ASF/sam0/drivers/adc/adc_sam_d_r_h/adc_callback.o
 .debug_aranges
                0x00000048       0x68 src/ASF/sam0/drivers/dma/dma.o
 .debug_aranges
                0x000000b0       0x20 src/sensorsControl.o
 .debug_aranges
                0x000000d0       0x78 src/ultraSound.o
 .debug_aranges
                0x00000148       0x50 src/ASF/sam0/drivers/extint/extint_sam_d_r_h/extint.o
 .debug_aranges
                0x00000198       0x48 src/ASF/sam0/drivers/sercom/sercom.o
 .debug_aranges
                0x000001e0       0x50 src/control_loop.o
 .debug_aranges
                0x00000230       0x70 src/encoders.o
 .debug_aranges
                0x000002a0       0x40 src/motors.o
 .debug_aranges
                0x000002e0       0x50 src/power_on_off.o
 .debug_aranges
                0x00000330       0x40 src/spi_slave.o
 .debug_aranges
                0x00000370       0x28 src/spi_slave_control.o
 .debug_aranges
                0x00000398       0x30 src/status_LED.o
 .debug_aranges
                0x000003c8       0xb0 src/ASF/sam0/drivers/tcc/tcc.o
 .debug_aranges
                0x00000478       0x48 src/ASF/sam0/drivers/tcc/tcc_callback.o
 .debug_aranges
                0x000004c0       0x58 src/ASF/sam0/drivers/tc/tc_sam_d_r_h/tc.o
 .debug_aranges
                0x00000518       0x40 src/ASF/sam0/drivers/tc/tc_interrupt.o
 .debug_aranges
                0x00000558       0x58 src/ASF/sam0/drivers/sercom/spi/spi.o
 .debug_aranges
                0x000005b0       0x50 src/ASF/sam0/drivers/sercom/spi/spi_interrupt.o
 .debug_aranges
                0x00000600       0x48 src/ASF/sam0/drivers/sercom/sercom_interrupt.o
 .debug_aranges
                0x00000648       0x48 src/ASF/sam0/drivers/extint/extint_callback.o
 .debug_aranges
                0x00000690       0x30 src/ASF/common2/services/delay/sam0/systick_counter.o
 .debug_aranges
                0x000006c0       0x28 src/ASF/sam0/drivers/port/port.o
 .debug_aranges
                0x000006e8       0x20 src/ASF/common2/boards/user_board/init.o
 .debug_aranges
                0x00000708       0x28 src/ASF/common/utils/interrupt/interrupt_sam_nvic.o
 .debug_aranges
                0x00000730       0x78 src/ASF/sam0/drivers/system/clock/clock_samd09_d10_d11/clock.o
 .debug_aranges
                0x000007a8       0x80 src/ASF/sam0/drivers/system/clock/clock_samd09_d10_d11/gclk.o
 .debug_aranges
                0x00000828       0x40 src/ASF/sam0/drivers/system/pinmux/pinmux.o
 .debug_aranges
                0x00000868       0x28 src/ASF/sam0/drivers/system/system.o
 .debug_aranges
                0x00000890       0x28 src/ASF/sam0/utils/cmsis/samd10/source/gcc/startup_samd10.o
 .debug_aranges
                0x000008b8       0x28 src/main.o

.debug_ranges   0x00000000      0xd28
 .debug_ranges  0x00000000       0x50 src/ASF/sam0/drivers/adc/adc_sam_d_r_h/adc_callback.o
 .debug_ranges  0x00000050       0x88 src/ASF/sam0/drivers/dma/dma.o
 .debug_ranges  0x000000d8       0x10 src/sensorsControl.o
 .debug_ranges  0x000000e8       0x68 src/ultraSound.o
 .debug_ranges  0x00000150       0x40 src/ASF/sam0/drivers/extint/extint_sam_d_r_h/extint.o
 .debug_ranges  0x00000190       0x58 src/ASF/sam0/drivers/sercom/sercom.o
 .debug_ranges  0x000001e8       0x40 src/control_loop.o
 .debug_ranges  0x00000228       0x60 src/encoders.o
 .debug_ranges  0x00000288       0x30 src/motors.o
 .debug_ranges  0x000002b8       0x40 src/power_on_off.o
 .debug_ranges  0x000002f8       0x30 src/spi_slave.o
 .debug_ranges  0x00000328       0x18 src/spi_slave_control.o
 .debug_ranges  0x00000340       0x50 src/status_LED.o
 .debug_ranges  0x00000390      0x118 src/ASF/sam0/drivers/tcc/tcc.o
 .debug_ranges  0x000004a8       0x38 src/ASF/sam0/drivers/tcc/tcc_callback.o
 .debug_ranges  0x000004e0       0x98 src/ASF/sam0/drivers/tc/tc_sam_d_r_h/tc.o
 .debug_ranges  0x00000578       0x30 src/ASF/sam0/drivers/tc/tc_interrupt.o
 .debug_ranges  0x000005a8      0x438 src/ASF/sam0/drivers/sercom/spi/spi.o
 .debug_ranges  0x000009e0       0x88 src/ASF/sam0/drivers/sercom/spi/spi_interrupt.o
 .debug_ranges  0x00000a68       0x38 src/ASF/sam0/drivers/sercom/sercom_interrupt.o
 .debug_ranges  0x00000aa0       0x90 src/ASF/sam0/drivers/extint/extint_callback.o
 .debug_ranges  0x00000b30       0x50 src/ASF/common2/services/delay/sam0/systick_counter.o
 .debug_ranges  0x00000b80       0x18 src/ASF/sam0/drivers/port/port.o
 .debug_ranges  0x00000b98       0x10 src/ASF/common2/boards/user_board/init.o
 .debug_ranges  0x00000ba8       0x18 src/ASF/common/utils/interrupt/interrupt_sam_nvic.o
 .debug_ranges  0x00000bc0       0x68 src/ASF/sam0/drivers/system/clock/clock_samd09_d10_d11/clock.o
 .debug_ranges  0x00000c28       0x88 src/ASF/sam0/drivers/system/clock/clock_samd09_d10_d11/gclk.o
 .debug_ranges  0x00000cb0       0x30 src/ASF/sam0/drivers/system/pinmux/pinmux.o
 .debug_ranges  0x00000ce0       0x18 src/ASF/sam0/drivers/system/system.o
 .debug_ranges  0x00000cf8       0x18 src/ASF/sam0/utils/cmsis/samd10/source/gcc/startup_samd10.o
 .debug_ranges  0x00000d10       0x18 src/main.o

.debug_macro    0x00000000     0xb254
 .debug_macro   0x00000000      0x51c src/ASF/sam0/drivers/adc/adc_sam_d_r_h/adc_callback.o
 .debug_macro   0x0000051c      0x513 src/ASF/sam0/drivers/dma/dma.o
 .debug_macro   0x00000a2f       0x4c src/ASF/sam0/drivers/dma/dma.o
 .debug_macro   0x00000a7b       0x8d src/ASF/sam0/drivers/dma/dma.o
 .debug_macro   0x00000b08       0x57 src/ASF/sam0/drivers/dma/dma.o
 .debug_macro   0x00000b5f       0x10 src/ASF/sam0/drivers/dma/dma.o
 .debug_macro   0x00000b6f       0x1c src/ASF/sam0/drivers/dma/dma.o
 .debug_macro   0x00000b8b      0x68b src/sensorsControl.o
 .debug_macro   0x00001216      0x68f src/ultraSound.o
 .debug_macro   0x000018a5      0x519 src/ASF/sam0/drivers/extint/extint_sam_d_r_h/extint.o
 .debug_macro   0x00001dbe       0x16 src/ASF/sam0/drivers/extint/extint_sam_d_r_h/extint.o
 .debug_macro   0x00001dd4      0x527 src/ASF/sam0/drivers/sercom/sercom.o
 .debug_macro   0x000022fb      0x6c3 src/control_loop.o
 .debug_macro   0x000029be       0x3a src/control_loop.o
 .debug_macro   0x000029f8      0x69a src/encoders.o
 .debug_macro   0x00003092      0x67c src/motors.o
 .debug_macro   0x0000370e      0x689 src/power_on_off.o
 .debug_macro   0x00003d97       0x22 src/power_on_off.o
 .debug_macro   0x00003db9      0x69b src/spi_slave.o
 .debug_macro   0x00004454       0x4c src/spi_slave.o
 .debug_macro   0x000044a0      0x6af src/spi_slave_control.o
 .debug_macro   0x00004b4f       0x10 src/spi_slave_control.o
 .debug_macro   0x00004b5f      0x67f src/status_LED.o
 .debug_macro   0x000051de      0x5e1 src/ASF/sam0/drivers/tcc/tcc.o
 .debug_macro   0x000057bf       0x19 src/ASF/sam0/drivers/tcc/tcc.o
 .debug_macro   0x000057d8       0x74 src/ASF/sam0/drivers/tcc/tcc.o
 .debug_macro   0x0000584c      0x514 src/ASF/sam0/drivers/tcc/tcc_callback.o
 .debug_macro   0x00005d60      0x523 src/ASF/sam0/drivers/tc/tc_sam_d_r_h/tc.o
 .debug_macro   0x00006283       0x19 src/ASF/sam0/drivers/tc/tc_sam_d_r_h/tc.o
 .debug_macro   0x0000629c       0x51 src/ASF/sam0/drivers/tc/tc_sam_d_r_h/tc.o
 .debug_macro   0x000062ed      0x508 src/ASF/sam0/drivers/tc/tc_interrupt.o
 .debug_macro   0x000067f5      0x56d src/ASF/sam0/drivers/sercom/spi/spi.o
 .debug_macro   0x00006d62      0x6df src/ASF/sam0/drivers/sercom/spi/spi_interrupt.o
 .debug_macro   0x00007441      0x524 src/ASF/sam0/drivers/sercom/sercom_interrupt.o
 .debug_macro   0x00007965      0x4bf src/ASF/sam0/drivers/extint/extint_callback.o
 .debug_macro   0x00007e24       0x19 src/ASF/sam0/drivers/extint/extint_callback.o
 .debug_macro   0x00007e3d      0x4d5 src/ASF/common2/services/delay/sam0/systick_counter.o
 .debug_macro   0x00008312       0x16 src/ASF/common2/services/delay/sam0/systick_counter.o
 .debug_macro   0x00008328      0x4b6 src/ASF/sam0/drivers/port/port.o
 .debug_macro   0x000087de      0x674 src/ASF/common2/boards/user_board/init.o
 .debug_macro   0x00008e52      0x49a src/ASF/common/utils/interrupt/interrupt_sam_nvic.o
 .debug_macro   0x000092ec      0x50d src/ASF/sam0/drivers/system/clock/clock_samd09_d10_d11/clock.o
 .debug_macro   0x000097f9      0x234 src/ASF/sam0/drivers/system/clock/clock_samd09_d10_d11/clock.o
 .debug_macro   0x00009a2d      0x4d0 src/ASF/sam0/drivers/system/clock/clock_samd09_d10_d11/gclk.o
 .debug_macro   0x00009efd      0x4aa src/ASF/sam0/drivers/system/pinmux/pinmux.o
 .debug_macro   0x0000a3a7       0x12 src/ASF/sam0/drivers/system/pinmux/pinmux.o
 .debug_macro   0x0000a3b9      0x4dd src/ASF/sam0/drivers/system/system.o
 .debug_macro   0x0000a896      0x281 src/ASF/sam0/utils/cmsis/samd10/source/gcc/startup_samd10.o
 .debug_macro   0x0000ab17       0x3a src/ASF/sam0/utils/cmsis/samd10/source/gcc/startup_samd10.o
 .debug_macro   0x0000ab51      0x703 src/main.o

.debug_line     0x00000000    0x17d75
 .debug_line    0x00000000      0xb97 src/ASF/sam0/drivers/adc/adc_sam_d_r_h/adc_callback.o
 .debug_line    0x00000b97      0xc03 src/ASF/sam0/drivers/dma/dma.o
 .debug_line    0x0000179a      0xdde src/sensorsControl.o
 .debug_line    0x00002578      0xf1f src/ultraSound.o
 .debug_line    0x00003497      0xbc3 src/ASF/sam0/drivers/extint/extint_sam_d_r_h/extint.o
 .debug_line    0x0000405a      0xb37 src/ASF/sam0/drivers/sercom/sercom.o
 .debug_line    0x00004b91      0xee0 src/control_loop.o
 .debug_line    0x00005a71      0xed2 src/encoders.o
 .debug_line    0x00006943      0xe46 src/motors.o
 .debug_line    0x00007789      0xe80 src/power_on_off.o
 .debug_line    0x00008609      0xeb7 src/spi_slave.o
 .debug_line    0x000094c0      0xe3a src/spi_slave_control.o
 .debug_line    0x0000a2fa      0xe21 src/status_LED.o
 .debug_line    0x0000b11b      0xdbb src/ASF/sam0/drivers/tcc/tcc.o
 .debug_line    0x0000bed6      0xa20 src/ASF/sam0/drivers/tcc/tcc_callback.o
 .debug_line    0x0000c8f6      0xd25 src/ASF/sam0/drivers/tc/tc_sam_d_r_h/tc.o
 .debug_line    0x0000d61b      0xa03 src/ASF/sam0/drivers/tc/tc_interrupt.o
 .debug_line    0x0000e01e     0x12fb src/ASF/sam0/drivers/sercom/spi/spi.o
 .debug_line    0x0000f319      0xf00 src/ASF/sam0/drivers/sercom/spi/spi_interrupt.o
 .debug_line    0x00010219      0xacc src/ASF/sam0/drivers/sercom/sercom_interrupt.o
 .debug_line    0x00010ce5      0x962 src/ASF/sam0/drivers/extint/extint_callback.o
 .debug_line    0x00011647      0x953 src/ASF/common2/services/delay/sam0/systick_counter.o
 .debug_line    0x00011f9a      0x88c src/ASF/sam0/drivers/port/port.o
 .debug_line    0x00012826      0xdad src/ASF/common2/boards/user_board/init.o
 .debug_line    0x000135d3      0x860 src/ASF/common/utils/interrupt/interrupt_sam_nvic.o
 .debug_line    0x00013e33      0xc49 src/ASF/sam0/drivers/system/clock/clock_samd09_d10_d11/clock.o
 .debug_line    0x00014a7c      0xc09 src/ASF/sam0/drivers/system/clock/clock_samd09_d10_d11/gclk.o
 .debug_line    0x00015685      0x8d9 src/ASF/sam0/drivers/system/pinmux/pinmux.o
 .debug_line    0x00015f5e      0x980 src/ASF/sam0/drivers/system/system.o
 .debug_line    0x000168de      0x5dc src/ASF/sam0/utils/cmsis/samd10/source/gcc/startup_samd10.o
 .debug_line    0x00016eba      0xebb src/main.o

.debug_str      0x00000000    0x72b6d
 .debug_str     0x00000000    0x66cdc src/ASF/sam0/drivers/adc/adc_sam_d_r_h/adc_callback.o
                              0x67274 (size before relaxing)
 .debug_str     0x00066cdc     0x13ae src/ASF/sam0/drivers/dma/dma.o
                              0x67fd1 (size before relaxing)
 .debug_str     0x0006808a     0x171f src/sensorsControl.o
                              0x687db (size before relaxing)
 .debug_str     0x000697a9     0x12a4 src/ultraSound.o
                              0x6a08d (size before relaxing)
 .debug_str     0x0006aa4d      0x622 src/ASF/sam0/drivers/extint/extint_sam_d_r_h/extint.o
                              0x67b32 (size before relaxing)
 .debug_str     0x0006b06f      0x9a4 src/ASF/sam0/drivers/sercom/sercom.o
                              0x679aa (size before relaxing)
 .debug_str     0x0006ba13      0x397 src/control_loop.o
                              0x69a5d (size before relaxing)
 .debug_str     0x0006bdaa      0x2bf src/encoders.o
                              0x69b11 (size before relaxing)
 .debug_str     0x0006c069      0xe5b src/motors.o
                              0x6a0ba (size before relaxing)
 .debug_str     0x0006cec4      0x194 src/power_on_off.o
                              0x68c97 (size before relaxing)
 .debug_str     0x0006d058      0x8e9 src/spi_slave.o
                              0x6a1b2 (size before relaxing)
 .debug_str     0x0006d941       0xe1 src/spi_slave_control.o
                              0x699a4 (size before relaxing)
 .debug_str     0x0006da22       0x2b src/status_LED.o
                              0x68ae5 (size before relaxing)
 .debug_str     0x0006da4d     0x129c src/ASF/sam0/drivers/tcc/tcc.o
                              0x6999f (size before relaxing)
 .debug_str     0x0006ece9      0x1b2 src/ASF/sam0/drivers/tcc/tcc_callback.o
                              0x67da8 (size before relaxing)
 .debug_str     0x0006ee9b      0x1c4 src/ASF/sam0/drivers/tc/tc_sam_d_r_h/tc.o
                              0x67b71 (size before relaxing)
 .debug_str     0x0006f05f       0xad src/ASF/sam0/drivers/tc/tc_interrupt.o
                              0x6728f (size before relaxing)
 .debug_str     0x0006f10c      0x5d8 src/ASF/sam0/drivers/sercom/spi/spi.o
                              0x68ceb (size before relaxing)
 .debug_str     0x0006f6e4      0x298 src/ASF/sam0/drivers/sercom/spi/spi_interrupt.o
                              0x69a7f (size before relaxing)
 .debug_str     0x0006f97c      0x158 src/ASF/sam0/drivers/sercom/sercom_interrupt.o
                              0x67722 (size before relaxing)
 .debug_str     0x0006fad4       0xcb src/ASF/sam0/drivers/extint/extint_callback.o
                              0x66cd7 (size before relaxing)
 .debug_str     0x0006fb9f       0x96 src/ASF/common2/services/delay/sam0/systick_counter.o
                              0x66796 (size before relaxing)
 .debug_str     0x0006fc35       0x5e src/ASF/sam0/drivers/port/port.o
                              0x6699d (size before relaxing)
 .debug_str     0x0006fc93       0x3e src/ASF/common2/boards/user_board/init.o
                              0x687a9 (size before relaxing)
 .debug_str     0x0006fcd1       0x66 src/ASF/common/utils/interrupt/interrupt_sam_nvic.o
                              0x66586 (size before relaxing)
 .debug_str     0x0006fd37     0x2526 src/ASF/sam0/drivers/system/clock/clock_samd09_d10_d11/clock.o
                              0x694ce (size before relaxing)
 .debug_str     0x0007225d      0x1bf src/ASF/sam0/drivers/system/clock/clock_samd09_d10_d11/gclk.o
                              0x671dc (size before relaxing)
 .debug_str     0x0007241c      0x179 src/ASF/sam0/drivers/system/pinmux/pinmux.o
                              0x66a28 (size before relaxing)
 .debug_str     0x00072595       0x47 src/ASF/sam0/drivers/system/system.o
                              0x66663 (size before relaxing)
 .debug_str     0x000725dc      0x3d8 src/ASF/sam0/utils/cmsis/samd10/source/gcc/startup_samd10.o
                              0x51f14 (size before relaxing)
 .debug_str     0x000729b4      0x1b9 src/main.o
                              0x6a0d7 (size before relaxing)

.debug_frame    0x00000000     0x14b4
 .debug_frame   0x00000000       0x84 src/ASF/sam0/drivers/adc/adc_sam_d_r_h/adc_callback.o
 .debug_frame   0x00000084      0x110 src/ASF/sam0/drivers/dma/dma.o
 .debug_frame   0x00000194       0x28 src/sensorsControl.o
 .debug_frame   0x000001bc      0x13c src/ultraSound.o
 .debug_frame   0x000002f8       0xb8 src/ASF/sam0/drivers/extint/extint_sam_d_r_h/extint.o
 .debug_frame   0x000003b0       0xbc src/ASF/sam0/drivers/sercom/sercom.o
 .debug_frame   0x0000046c       0xa8 src/control_loop.o
 .debug_frame   0x00000514      0x114 src/encoders.o
 .debug_frame   0x00000628       0xa0 src/motors.o
 .debug_frame   0x000006c8       0xb8 src/power_on_off.o
 .debug_frame   0x00000780       0x9c src/spi_slave.o
 .debug_frame   0x0000081c       0x44 src/spi_slave_control.o
 .debug_frame   0x00000860       0x4c src/status_LED.o
 .debug_frame   0x000008ac      0x1e4 src/ASF/sam0/drivers/tcc/tcc.o
 .debug_frame   0x00000a90       0xa4 src/ASF/sam0/drivers/tcc/tcc_callback.o
 .debug_frame   0x00000b34       0xa8 src/ASF/sam0/drivers/tc/tc_sam_d_r_h/tc.o
 .debug_frame   0x00000bdc       0x7c src/ASF/sam0/drivers/tc/tc_interrupt.o
 .debug_frame   0x00000c58      0x120 src/ASF/sam0/drivers/sercom/spi/spi.o
 .debug_frame   0x00000d78       0xb0 src/ASF/sam0/drivers/sercom/spi/spi_interrupt.o
 .debug_frame   0x00000e28       0xa0 src/ASF/sam0/drivers/sercom/sercom_interrupt.o
 .debug_frame   0x00000ec8       0x7c src/ASF/sam0/drivers/extint/extint_callback.o
 .debug_frame   0x00000f44       0x64 src/ASF/common2/services/delay/sam0/systick_counter.o
 .debug_frame   0x00000fa8       0x44 src/ASF/sam0/drivers/port/port.o
 .debug_frame   0x00000fec       0x20 src/ASF/common2/boards/user_board/init.o
 .debug_frame   0x0000100c       0x30 src/ASF/common/utils/interrupt/interrupt_sam_nvic.o
 .debug_frame   0x0000103c      0x158 src/ASF/sam0/drivers/system/clock/clock_samd09_d10_d11/clock.o
 .debug_frame   0x00001194      0x148 src/ASF/sam0/drivers/system/clock/clock_samd09_d10_d11/gclk.o
 .debug_frame   0x000012dc       0x98 src/ASF/sam0/drivers/system/pinmux/pinmux.o
 .debug_frame   0x00001374       0x38 src/ASF/sam0/drivers/system/system.o
 .debug_frame   0x000013ac       0x38 src/ASF/sam0/utils/cmsis/samd10/source/gcc/startup_samd10.o
 .debug_frame   0x000013e4       0x44 src/main.o
 .debug_frame   0x00001428       0x20 c:/program files (x86)/atmel/studio/7.0/toolchain/arm/arm-gnu-toolchain/bin/../lib/gcc/arm-none-eabi/6.2.1/thumb/v6-m\libgcc.a(_udivsi3.o)
 .debug_frame   0x00001448       0x20 c:/program files (x86)/atmel/studio/7.0/toolchain/arm/arm-gnu-toolchain/bin/../lib/gcc/arm-none-eabi/6.2.1/thumb/v6-m\libgcc.a(_divsi3.o)
 .debug_frame   0x00001468       0x2c c:/program files (x86)/atmel/studio/7.0/toolchain/arm/arm-gnu-toolchain/bin/../lib/gcc/arm-none-eabi/6.2.1/../../../../arm-none-eabi/lib/thumb/v6-m\libc_nano.a(lib_a-init.o)
 .debug_frame   0x00001494       0x20 c:/program files (x86)/atmel/studio/7.0/toolchain/arm/arm-gnu-toolchain/bin/../lib/gcc/arm-none-eabi/6.2.1/../../../../arm-none-eabi/lib/thumb/v6-m\libc_nano.a(lib_a-memset.o)

Cross Reference Table

Symbol                                            File
AC_Handler                                        src/ASF/sam0/utils/cmsis/samd10/source/gcc/startup_samd10.o
ADC_Handler                                       src/ASF/sam0/drivers/adc/adc_sam_d_r_h/adc_callback.o
DAC_Handler                                       src/ASF/sam0/utils/cmsis/samd10/source/gcc/startup_samd10.o
DMAC_Handler                                      src/ASF/sam0/drivers/dma/dma.o
DMASourceRegister                                 src/main.o
                                                  src/add_LED_control.o
                                                  src/add_LED.o
Dummy_Handler                                     src/ASF/sam0/utils/cmsis/samd10/source/gcc/startup_samd10.o
EIC_Handler                                       src/ASF/sam0/drivers/extint/extint_callback.o
EVSYS_Handler                                     src/ASF/sam0/utils/cmsis/samd10/source/gcc/startup_samd10.o
HardFault_Handler                                 src/ASF/sam0/utils/cmsis/samd10/source/gcc/startup_samd10.o
NMI_Handler                                       src/ASF/sam0/utils/cmsis/samd10/source/gcc/startup_samd10.o
NVMCTRL_Handler                                   src/ASF/sam0/utils/cmsis/samd10/source/gcc/startup_samd10.o
PM_Handler                                        src/ASF/sam0/utils/cmsis/samd10/source/gcc/startup_samd10.o
PTC_Handler                                       src/ASF/sam0/utils/cmsis/samd10/source/gcc/startup_samd10.o
PendSV_Handler                                    src/ASF/sam0/utils/cmsis/samd10/source/gcc/startup_samd10.o
RGBPI55Init                                       src/add_LED.o
RGBPI55SetLED                                     src/add_LED_control.o
                                                  src/test.o
RTC_Handler                                       src/ASF/sam0/utils/cmsis/samd10/source/gcc/startup_samd10.o
Reset_Handler                                     src/ASF/sam0/utils/cmsis/samd10/source/gcc/startup_samd10.o
SERCOM0_Handler                                   src/ASF/sam0/drivers/sercom/sercom_interrupt.o
SERCOM1_Handler                                   src/ASF/sam0/drivers/sercom/sercom_interrupt.o
SERCOM2_Handler                                   src/ASF/sam0/drivers/sercom/sercom_interrupt.o
SPIDataConertConsArray                            src/add_LED_control.o
SPIMasterInit                                     src/add_LED.o
SVC_Handler                                       src/ASF/sam0/utils/cmsis/samd10/source/gcc/startup_samd10.o
SYSCTRL_Handler                                   src/ASF/sam0/utils/cmsis/samd10/source/gcc/startup_samd10.o
SysTick_Handler                                   src/ASF/sam0/utils/cmsis/samd10/source/gcc/startup_samd10.o
SystemCoreClock                                   src/ASF/sam0/utils/cmsis/samd10/source/system_samd10.o
SystemCoreClockUpdate                             src/ASF/sam0/utils/cmsis/samd10/source/system_samd10.o
SystemInit                                        src/ASF/sam0/utils/cmsis/samd10/source/system_samd10.o
TC1_Handler                                       src/ASF/sam0/drivers/tc/tc_interrupt.o
TC2_Handler                                       src/ASF/sam0/drivers/tc/tc_interrupt.o
TC2_OV_callback                                   src/ultraSound.o
TCC0_Handler                                      src/ASF/sam0/drivers/tcc/tcc_callback.o
WDT_Handler                                       src/ASF/sam0/utils/cmsis/samd10/source/gcc/startup_samd10.o
_Jv_RegisterClasses                               c:/program files (x86)/atmel/studio/7.0/toolchain/arm/arm-gnu-toolchain/bin/../lib/gcc/arm-none-eabi/6.2.1/thumb/v6-m/crtbegin.o
__aeabi_idiv                                      c:/program files (x86)/atmel/studio/7.0/toolchain/arm/arm-gnu-toolchain/bin/../lib/gcc/arm-none-eabi/6.2.1/thumb/v6-m\libgcc.a(_divsi3.o)
                                                  src/control_loop.o
__aeabi_idiv0                                     c:/program files (x86)/atmel/studio/7.0/toolchain/arm/arm-gnu-toolchain/bin/../lib/gcc/arm-none-eabi/6.2.1/thumb/v6-m\libgcc.a(_dvmd_tls.o)
                                                  c:/program files (x86)/atmel/studio/7.0/toolchain/arm/arm-gnu-toolchain/bin/../lib/gcc/arm-none-eabi/6.2.1/thumb/v6-m\libgcc.a(_divsi3.o)
                                                  c:/program files (x86)/atmel/studio/7.0/toolchain/arm/arm-gnu-toolchain/bin/../lib/gcc/arm-none-eabi/6.2.1/thumb/v6-m\libgcc.a(_udivsi3.o)
__aeabi_idivmod                                   c:/program files (x86)/atmel/studio/7.0/toolchain/arm/arm-gnu-toolchain/bin/../lib/gcc/arm-none-eabi/6.2.1/thumb/v6-m\libgcc.a(_divsi3.o)
__aeabi_ldiv0                                     c:/program files (x86)/atmel/studio/7.0/toolchain/arm/arm-gnu-toolchain/bin/../lib/gcc/arm-none-eabi/6.2.1/thumb/v6-m\libgcc.a(_dvmd_tls.o)
__aeabi_lmul                                      c:/program files (x86)/atmel/studio/7.0/toolchain/arm/arm-gnu-toolchain/bin/../lib/gcc/arm-none-eabi/6.2.1/thumb/v6-m\libgcc.a(_muldi3.o)
                                                  src/ASF/sam0/drivers/sercom/sercom.o
__aeabi_uidiv                                     c:/program files (x86)/atmel/studio/7.0/toolchain/arm/arm-gnu-toolchain/bin/../lib/gcc/arm-none-eabi/6.2.1/thumb/v6-m\libgcc.a(_udivsi3.o)
                                                  src/ASF/sam0/drivers/system/clock/clock_samd09_d10_d11/gclk.o
                                                  src/ASF/sam0/drivers/system/clock/clock_samd09_d10_d11/clock.o
                                                  src/ASF/common2/services/delay/sam0/systick_counter.o
                                                  src/control_loop.o
__aeabi_uidivmod                                  c:/program files (x86)/atmel/studio/7.0/toolchain/arm/arm-gnu-toolchain/bin/../lib/gcc/arm-none-eabi/6.2.1/thumb/v6-m\libgcc.a(_udivsi3.o)
__bss_end__                                       c:/program files (x86)/atmel/studio/7.0/toolchain/arm/arm-gnu-toolchain/bin/../lib/gcc/arm-none-eabi/6.2.1/../../../../arm-none-eabi/lib/thumb/v6-m/crt0.o
__bss_start__                                     c:/program files (x86)/atmel/studio/7.0/toolchain/arm/arm-gnu-toolchain/bin/../lib/gcc/arm-none-eabi/6.2.1/../../../../arm-none-eabi/lib/thumb/v6-m/crt0.o
__call_exitprocs                                  c:/program files (x86)/atmel/studio/7.0/toolchain/arm/arm-gnu-toolchain/bin/../lib/gcc/arm-none-eabi/6.2.1/../../../../arm-none-eabi/lib/thumb/v6-m\libc_nano.a(lib_a-exit.o)
__deregister_frame_info                           c:/program files (x86)/atmel/studio/7.0/toolchain/arm/arm-gnu-toolchain/bin/../lib/gcc/arm-none-eabi/6.2.1/thumb/v6-m/crtbegin.o
__divsi3                                          c:/program files (x86)/atmel/studio/7.0/toolchain/arm/arm-gnu-toolchain/bin/../lib/gcc/arm-none-eabi/6.2.1/thumb/v6-m\libgcc.a(_divsi3.o)
__dso_handle                                      c:/program files (x86)/atmel/studio/7.0/toolchain/arm/arm-gnu-toolchain/bin/../lib/gcc/arm-none-eabi/6.2.1/thumb/v6-m/crtbegin.o
__init_array_end                                  c:/program files (x86)/atmel/studio/7.0/toolchain/arm/arm-gnu-toolchain/bin/../lib/gcc/arm-none-eabi/6.2.1/../../../../arm-none-eabi/lib/thumb/v6-m\libc_nano.a(lib_a-init.o)
__init_array_start                                c:/program files (x86)/atmel/studio/7.0/toolchain/arm/arm-gnu-toolchain/bin/../lib/gcc/arm-none-eabi/6.2.1/../../../../arm-none-eabi/lib/thumb/v6-m\libc_nano.a(lib_a-init.o)
__libc_fini_array                                 c:/program files (x86)/atmel/studio/7.0/toolchain/arm/arm-gnu-toolchain/bin/../lib/gcc/arm-none-eabi/6.2.1/../../../../arm-none-eabi/lib/thumb/v6-m/crt0.o
__libc_init_array                                 c:/program files (x86)/atmel/studio/7.0/toolchain/arm/arm-gnu-toolchain/bin/../lib/gcc/arm-none-eabi/6.2.1/../../../../arm-none-eabi/lib/thumb/v6-m\libc_nano.a(lib_a-init.o)
                                                  src/ASF/sam0/utils/cmsis/samd10/source/gcc/startup_samd10.o
                                                  c:/program files (x86)/atmel/studio/7.0/toolchain/arm/arm-gnu-toolchain/bin/../lib/gcc/arm-none-eabi/6.2.1/../../../../arm-none-eabi/lib/thumb/v6-m/crt0.o
__muldi3                                          c:/program files (x86)/atmel/studio/7.0/toolchain/arm/arm-gnu-toolchain/bin/../lib/gcc/arm-none-eabi/6.2.1/thumb/v6-m\libgcc.a(_muldi3.o)
__preinit_array_end                               c:/program files (x86)/atmel/studio/7.0/toolchain/arm/arm-gnu-toolchain/bin/../lib/gcc/arm-none-eabi/6.2.1/../../../../arm-none-eabi/lib/thumb/v6-m\libc_nano.a(lib_a-init.o)
__preinit_array_start                             c:/program files (x86)/atmel/studio/7.0/toolchain/arm/arm-gnu-toolchain/bin/../lib/gcc/arm-none-eabi/6.2.1/../../../../arm-none-eabi/lib/thumb/v6-m\libc_nano.a(lib_a-init.o)
__register_frame_info                             c:/program files (x86)/atmel/studio/7.0/toolchain/arm/arm-gnu-toolchain/bin/../lib/gcc/arm-none-eabi/6.2.1/thumb/v6-m/crtbegin.o
__sf_fake_stderr                                  c:/program files (x86)/atmel/studio/7.0/toolchain/arm/arm-gnu-toolchain/bin/../lib/gcc/arm-none-eabi/6.2.1/../../../../arm-none-eabi/lib/thumb/v6-m\libc_nano.a(lib_a-impure.o)
__sf_fake_stdin                                   c:/program files (x86)/atmel/studio/7.0/toolchain/arm/arm-gnu-toolchain/bin/../lib/gcc/arm-none-eabi/6.2.1/../../../../arm-none-eabi/lib/thumb/v6-m\libc_nano.a(lib_a-impure.o)
__sf_fake_stdout                                  c:/program files (x86)/atmel/studio/7.0/toolchain/arm/arm-gnu-toolchain/bin/../lib/gcc/arm-none-eabi/6.2.1/../../../../arm-none-eabi/lib/thumb/v6-m\libc_nano.a(lib_a-impure.o)
__stack                                           c:/program files (x86)/atmel/studio/7.0/toolchain/arm/arm-gnu-toolchain/bin/../lib/gcc/arm-none-eabi/6.2.1/../../../../arm-none-eabi/lib/thumb/v6-m/crt0.o
__udivsi3                                         c:/program files (x86)/atmel/studio/7.0/toolchain/arm/arm-gnu-toolchain/bin/../lib/gcc/arm-none-eabi/6.2.1/thumb/v6-m\libgcc.a(_udivsi3.o)
_adc_instances                                    src/ASF/sam0/drivers/adc/adc_sam_d_r_h/adc_callback.o
                                                  src/ASF/sam0/drivers/adc/adc_sam_d_r_h/adc.o
_close                                            src/ASF/sam0/utils/syscalls/gcc/syscalls.o
_current_channel                                  src/ASF/sam0/drivers/extint/extint_callback.o
_dma_inst                                         src/ASF/sam0/drivers/dma/dma.o
_end                                              src/ASF/sam0/utils/syscalls/gcc/syscalls.o
_erelocate                                        src/ASF/sam0/utils/cmsis/samd10/source/gcc/startup_samd10.o
_estack                                           src/ASF/sam0/utils/cmsis/samd10/source/gcc/startup_samd10.o
_etext                                            src/ASF/sam0/utils/cmsis/samd10/source/gcc/startup_samd10.o
_exit                                             src/ASF/sam0/utils/syscalls/gcc/syscalls.o
                                                  c:/program files (x86)/atmel/studio/7.0/toolchain/arm/arm-gnu-toolchain/bin/../lib/gcc/arm-none-eabi/6.2.1/../../../../arm-none-eabi/lib/thumb/v6-m\libc_nano.a(lib_a-exit.o)
_extint_dev                                       src/ASF/sam0/drivers/extint/extint_sam_d_r_h/extint.o
                                                  src/ASF/sam0/drivers/extint/extint_callback.o
_ezero                                            src/ASF/sam0/utils/cmsis/samd10/source/gcc/startup_samd10.o
_fini                                             c:/program files (x86)/atmel/studio/7.0/toolchain/arm/arm-gnu-toolchain/bin/../lib/gcc/arm-none-eabi/6.2.1/thumb/v6-m/crti.o
_fstat                                            src/ASF/sam0/utils/syscalls/gcc/syscalls.o
_getpid                                           src/ASF/sam0/utils/syscalls/gcc/syscalls.o
_global_impure_ptr                                c:/program files (x86)/atmel/studio/7.0/toolchain/arm/arm-gnu-toolchain/bin/../lib/gcc/arm-none-eabi/6.2.1/../../../../arm-none-eabi/lib/thumb/v6-m\libc_nano.a(lib_a-impure.o)
                                                  c:/program files (x86)/atmel/studio/7.0/toolchain/arm/arm-gnu-toolchain/bin/../lib/gcc/arm-none-eabi/6.2.1/../../../../arm-none-eabi/lib/thumb/v6-m\libc_nano.a(lib_a-exit.o)
_impure_ptr                                       c:/program files (x86)/atmel/studio/7.0/toolchain/arm/arm-gnu-toolchain/bin/../lib/gcc/arm-none-eabi/6.2.1/../../../../arm-none-eabi/lib/thumb/v6-m\libc_nano.a(lib_a-impure.o)
_init                                             c:/program files (x86)/atmel/studio/7.0/toolchain/arm/arm-gnu-toolchain/bin/../lib/gcc/arm-none-eabi/6.2.1/thumb/v6-m/crti.o
                                                  c:/program files (x86)/atmel/studio/7.0/toolchain/arm/arm-gnu-toolchain/bin/../lib/gcc/arm-none-eabi/6.2.1/../../../../arm-none-eabi/lib/thumb/v6-m\libc_nano.a(lib_a-init.o)
_isatty                                           src/ASF/sam0/utils/syscalls/gcc/syscalls.o
_kill                                             src/ASF/sam0/utils/syscalls/gcc/syscalls.o
_lseek                                            src/ASF/sam0/utils/syscalls/gcc/syscalls.o
_mainCRTStartup                                   c:/program files (x86)/atmel/studio/7.0/toolchain/arm/arm-gnu-toolchain/bin/../lib/gcc/arm-none-eabi/6.2.1/../../../../arm-none-eabi/lib/thumb/v6-m/crt0.o
_sbrk                                             src/ASF/sam0/utils/syscalls/gcc/syscalls.o
_sercom_get_async_baud_val                        src/ASF/sam0/drivers/sercom/sercom.o
_sercom_get_default_pad                           src/ASF/sam0/drivers/sercom/sercom.o
                                                  src/ASF/sam0/drivers/sercom/spi_master_vec/spi_master_vec.o
                                                  src/ASF/sam0/drivers/sercom/spi/spi.o
_sercom_get_interrupt_vector                      src/ASF/sam0/drivers/sercom/sercom_interrupt.o
                                                  src/ASF/sam0/drivers/sercom/spi_master_vec/spi_master_vec.o
                                                  src/ASF/sam0/drivers/sercom/spi/spi.o
                                                  src/spi_slave.o
                                                  src/add_LED.o
_sercom_get_sercom_inst_index                     src/ASF/sam0/drivers/sercom/sercom.o
                                                  src/ASF/sam0/drivers/sercom/spi_master_vec/spi_master_vec.o
                                                  src/ASF/sam0/drivers/sercom/sercom_interrupt.o
                                                  src/ASF/sam0/drivers/sercom/spi/spi.o
_sercom_get_sync_baud_val                         src/ASF/sam0/drivers/sercom/sercom.o
                                                  src/ASF/sam0/drivers/sercom/spi_master_vec/spi_master_vec.o
                                                  src/ASF/sam0/drivers/sercom/spi/spi.o
_sercom_instances                                 src/ASF/sam0/drivers/sercom/sercom_interrupt.o
                                                  src/ASF/sam0/drivers/sercom/spi_master_vec/spi_master_vec.o
                                                  src/ASF/sam0/drivers/sercom/spi/spi_interrupt.o
                                                  src/ASF/sam0/drivers/sercom/spi/spi.o
_sercom_set_handler                               src/ASF/sam0/drivers/sercom/sercom_interrupt.o
                                                  src/ASF/sam0/drivers/sercom/spi_master_vec/spi_master_vec.o
                                                  src/ASF/sam0/drivers/sercom/spi/spi.o
_sfixed                                           src/ASF/sam0/utils/cmsis/samd10/source/gcc/startup_samd10.o
_spi_interrupt_handler                            src/ASF/sam0/drivers/sercom/spi/spi_interrupt.o
                                                  src/ASF/sam0/drivers/sercom/spi/spi.o
_srelocate                                        src/ASF/sam0/utils/cmsis/samd10/source/gcc/startup_samd10.o
_start                                            c:/program files (x86)/atmel/studio/7.0/toolchain/arm/arm-gnu-toolchain/bin/../lib/gcc/arm-none-eabi/6.2.1/../../../../arm-none-eabi/lib/thumb/v6-m/crt0.o
_system_divas_init                                src/ASF/sam0/drivers/system/system.o
_system_dummy_init                                src/ASF/sam0/drivers/system/system.o
_system_events_init                               src/ASF/sam0/drivers/system/system.o
_system_extint_init                               src/ASF/sam0/drivers/extint/extint_sam_d_r_h/extint.o
_szero                                            src/ASF/sam0/utils/cmsis/samd10/source/gcc/startup_samd10.o
_tc_get_inst_index                                src/ASF/sam0/drivers/tc/tc_sam_d_r_h/tc.o
                                                  src/control_loop.o
                                                  src/ultraSound.o
_tc_instances                                     src/ASF/sam0/drivers/tc/tc_interrupt.o
                                                  src/ASF/sam0/drivers/tc/tc_sam_d_r_h/tc.o
_tc_interrupt_handler                             src/ASF/sam0/drivers/tc/tc_interrupt.o
_tcc_apbcmasks                                    src/ASF/sam0/drivers/tcc/tcc.o
_tcc_cc_nums                                      src/ASF/sam0/drivers/tcc/tcc.o
_tcc_exts                                         src/ASF/sam0/drivers/tcc/tcc.o
_tcc_gclk_ids                                     src/ASF/sam0/drivers/tcc/tcc.o
_tcc_get_inst_index                               src/ASF/sam0/drivers/tcc/tcc.o
                                                  src/ASF/sam0/drivers/tcc/tcc_callback.o
_tcc_instances                                    src/ASF/sam0/drivers/tcc/tcc_callback.o
                                                  src/ASF/sam0/drivers/tcc/tcc.o
_tcc_interrupt_handler                            src/ASF/sam0/drivers/tcc/tcc_callback.o
_tcc_intflag                                      src/ASF/sam0/drivers/tcc/tcc_callback.o
_tcc_maxs                                         src/ASF/sam0/drivers/tcc/tcc.o
_tcc_ow_nums                                      src/ASF/sam0/drivers/tcc/tcc.o
_tcc_sizes                                        src/ASF/sam0/drivers/tcc/tcc.o
adc_abort_job                                     src/ASF/sam0/drivers/adc/adc_sam_d_r_h/adc_callback.o
adc_get_config_defaults                           src/ASF/sam0/drivers/adc/adc_sam_d_r_h/adc.o
adc_get_job_status                                src/ASF/sam0/drivers/adc/adc_sam_d_r_h/adc_callback.o
adc_init                                          src/ASF/sam0/drivers/adc/adc_sam_d_r_h/adc.o
adc_read_buffer_job                               src/ASF/sam0/drivers/adc/adc_sam_d_r_h/adc_callback.o
adc_register_callback                             src/ASF/sam0/drivers/adc/adc_sam_d_r_h/adc_callback.o
adc_regular_ain_channel                           src/ASF/sam0/drivers/adc/adc_sam_d_r_h/adc.o
adc_set_window_mode                               src/ASF/sam0/drivers/adc/adc_sam_d_r_h/adc.o
adc_unregister_callback                           src/ASF/sam0/drivers/adc/adc_sam_d_r_h/adc_callback.o
atexit                                            c:/program files (x86)/atmel/studio/7.0/toolchain/arm/arm-gnu-toolchain/bin/../lib/gcc/arm-none-eabi/6.2.1/../../../../arm-none-eabi/lib/thumb/v6-m/crt0.o
board_init                                        src/ASF/common2/boards/user_board/init.o
calculate_initial_speed_left                      src/control_loop.o
calculate_initial_speed_right                     src/control_loop.o
check_buffer                                      src/spi_slave.o
                                                  src/spi_slave_control.o
check_power_off_button                            src/power_on_off.o
                                                  src/main.o
check_timeout                                     src/spi_slave_control.o
config_timer_waveform                             src/motors.o
configureCallbacks                                src/ultraSound.o
configureModules                                  src/ultraSound.o
configurePins                                     src/ultraSound.o
configureProfile                                  src/main.o
configureSPIMaster                                src/add_LED.o
configureUltrasound                               src/ultraSound.o
                                                  src/main.o
configure_TC2_callback                            src/ultraSound.o
configure_echo_extint                             src/ultraSound.o
configure_ext_callback                            src/ultraSound.o
configure_extint_left_encoder                     src/encoders.o
configure_extint_left_encoder_callbacks           src/encoders.o
configure_extint_right_encoder                    src/encoders.o
configure_extint_right_encoder_callbacks          src/encoders.o
configure_motors                                  src/motors.o
                                                  src/main.o
configure_spi_slave                               src/spi_slave.o
configure_spi_slave_callbacks                     src/spi_slave.o
configure_tc2                                     src/ultraSound.o
configure_timer_encoder                           src/encoders.o
control_loop_motors                               src/control_loop.o
                                                  src/encoders.o
cpu_irq_enter_critical                            src/ASF/common/utils/interrupt/interrupt_sam_nvic.o
                                                  src/ASF/sam0/drivers/system/clock/clock_samd09_d10_d11/gclk.o
                                                  src/ASF/sam0/drivers/sercom/spi_master_vec/spi_master_vec.o
                                                  src/ASF/sam0/drivers/dma/dma.o
cpu_irq_leave_critical                            src/ASF/common/utils/interrupt/interrupt_sam_nvic.o
                                                  src/ASF/sam0/drivers/system/clock/clock_samd09_d10_d11/gclk.o
                                                  src/ASF/sam0/drivers/sercom/spi_master_vec/spi_master_vec.o
                                                  src/ASF/sam0/drivers/dma/dma.o
delay_cycles_ms                                   src/ASF/common2/services/delay/sam0/systick_counter.o
                                                  src/main.o
                                                  src/test.o
                                                  src/power_on_off.o
delay_cycles_us                                   src/ASF/common2/services/delay/sam0/systick_counter.o
                                                  src/ultraSound.o
delay_init                                        src/ASF/common2/services/delay/sam0/systick_counter.o
                                                  src/main.o
descriptor_section                                src/ASF/sam0/drivers/dma/dma.o
dma_abort_job                                     src/ASF/sam0/drivers/dma/dma.o
dma_add_descriptor                                src/ASF/sam0/drivers/dma/dma.o
                                                  src/add_LED.o
dma_allocate                                      src/ASF/sam0/drivers/dma/dma.o
                                                  src/add_LED.o
dma_descriptor_create                             src/ASF/sam0/drivers/dma/dma.o
                                                  src/add_LED.o
dma_free                                          src/ASF/sam0/drivers/dma/dma.o
dma_get_config_defaults                           src/ASF/sam0/drivers/dma/dma.o
                                                  src/add_LED.o
dma_resume_job                                    src/ASF/sam0/drivers/dma/dma.o
dma_start_transfer_job                            src/ASF/sam0/drivers/dma/dma.o
                                                  src/add_LED_control.o
dma_suspend_job                                   src/ASF/sam0/drivers/dma/dma.o
dummy_write                                       src/ASF/sam0/drivers/sercom/spi/spi_interrupt.o
encoder_timer_init                                src/encoders.o
encoders_init                                     src/encoders.o
                                                  src/main.o
example_descriptor                                src/add_LED.o
example_resource                                  src/main.o